Component: ARM Compiler 5.06 update 6 (build 750) Tool: armlink [4d35ed]

==============================================================================

Section Cross References

    main.o(i.My_ESP8266_SendStrStr) refers to strlen.o(.text) for strlen
    main.o(i.My_ESP8266_SendStrStr) refers to usart.o(i.My_USART_printf) for My_USART_printf
    main.o(i.My_ESP8266_SendStrStr) refers to delay.o(i.delay_ms) for delay_ms
    main.o(i.OnGetLcdHmiMessage) refers to strstr.o(.text) for strstr
    main.o(i.OnGetLcdHmiMessage) refers to my_sysdef.o(i.ParseInteger) for ParseInteger
    main.o(i.OnGetLcdHmiMessage) refers to main.o(i.limitSaveDataRange) for limitSaveDataRange
    main.o(i.OnGetLcdHmiMessage) refers to main.o(.data) for saveData
    main.o(i.OnGetUartMessage) refers to strstr.o(.text) for strstr
    main.o(i.OnGetUartMessage) refers to my_sysdef.o(i.ParseInteger) for ParseInteger
    main.o(i.OnGetUartMessage) refers to main.o(i.limitSaveDataRange) for limitSaveDataRange
    main.o(i.OnGetUartMessage) refers to usart.o(i.My_USART_SendString) for My_USART_SendString
    main.o(i.OnGetUartMessage) refers to my_ledblink.o(i.My_LEDBlink) for My_LEDBlink
    main.o(i.OnGetUartMessage) refers to main.o(.data) for saveData
    main.o(i.checkWireLessMode) refers to main.o(.data) for startCheckWireLess
    main.o(i.ctrlFanPwm) refers to fflt_clz.o(x$fpl$fflt) for __aeabi_i2f
    main.o(i.ctrlFanPwm) refers to my_pwm.o(i.My_PWM_SetDuty) for My_PWM_SetDuty
    main.o(i.ctrlLedPwm) refers to fflt_clz.o(x$fpl$fflt) for __aeabi_i2f
    main.o(i.ctrlLedPwm) refers to my_pwm.o(i.My_PWM_SetDuty) for My_PWM_SetDuty
    main.o(i.displayOfCollectedData) refers to _printf_pad.o(.text) for _printf_pre_padding
    main.o(i.displayOfCollectedData) refers to _printf_percent.o(.ARM.Collect$$_printf_percent$$00000000) for _printf_percent
    main.o(i.displayOfCollectedData) refers to _printf_d.o(.ARM.Collect$$_printf_percent$$00000009) for _printf_d
    main.o(i.displayOfCollectedData) refers to _printf_f.o(.ARM.Collect$$_printf_percent$$00000003) for _printf_f
    main.o(i.displayOfCollectedData) refers to _printf_dec.o(.text) for _printf_int_dec
    main.o(i.displayOfCollectedData) refers to printf1.o(x$fpl$printf1) for _printf_fp_dec
    main.o(i.displayOfCollectedData) refers to _printf_s.o(.ARM.Collect$$_printf_percent$$00000014) for _printf_s
    main.o(i.displayOfCollectedData) refers to _printf_str.o(.text) for _printf_str
    main.o(i.displayOfCollectedData) refers to fflt_clz.o(x$fpl$fflt) for __aeabi_i2f
    main.o(i.displayOfCollectedData) refers to faddsub_clz.o(x$fpl$fadd) for __aeabi_fadd
    main.o(i.displayOfCollectedData) refers to feqf.o(x$fpl$feqf) for __aeabi_cfcmpeq
    main.o(i.displayOfCollectedData) refers to fleqf.o(x$fpl$fleqf) for __aeabi_cfcmple
    main.o(i.displayOfCollectedData) refers to f2d.o(x$fpl$f2d) for __aeabi_f2d
    main.o(i.displayOfCollectedData) refers to __2sprintf.o(.text) for __2sprintf
    main.o(i.displayOfCollectedData) refers to my_lcd_spi_gui.o(i.LCD_GetPos_Y) for LCD_GetPos_Y
    main.o(i.displayOfCollectedData) refers to my_lcd_spi_gui.o(i.LCD_GetPos_X) for LCD_GetPos_X
    main.o(i.displayOfCollectedData) refers to my_lcd_spi_gui.o(i.LCD_ShowString) for LCD_ShowString
    main.o(i.displayOfCollectedData) refers to main.o(.data) for yPlace
    main.o(i.displayOfCollectedData) refers to my_lcd_spi.o(.data) for FRONT_COLOR
    main.o(i.displayOfCollectedData) refers to main.o(.bss) for dis0
    main.o(i.limitSaveDataRange) refers to main.o(.data) for saveData
    main.o(i.main) refers to _printf_pad.o(.text) for _printf_pre_padding
    main.o(i.main) refers to _printf_percent.o(.ARM.Collect$$_printf_percent$$00000000) for _printf_percent
    main.o(i.main) refers to _printf_d.o(.ARM.Collect$$_printf_percent$$00000009) for _printf_d
    main.o(i.main) refers to _printf_dec.o(.text) for _printf_int_dec
    main.o(i.main) refers to _printf_f.o(.ARM.Collect$$_printf_percent$$00000003) for _printf_f
    main.o(i.main) refers to _printf_s.o(.ARM.Collect$$_printf_percent$$00000014) for _printf_s
    main.o(i.main) refers to printf1.o(x$fpl$printf1) for _printf_fp_dec
    main.o(i.main) refers to _printf_str.o(.text) for _printf_str
    main.o(i.main) refers to usart.o(i.My_USART_Init) for My_USART_Init
    main.o(i.main) refers to my_lcd_hmi.o(i.My_LcdHmi_Init) for My_LcdHmi_Init
    main.o(i.main) refers to my_key.o(i.My_KEY_Init) for My_KEY_Init
    main.o(i.main) refers to my_led.o(i.My_LED_Init) for My_LED_Init
    main.o(i.main) refers to my_adc.o(i.My_ADC_Init) for My_ADC_Init
    main.o(i.main) refers to my_ds18b20.o(i.My_DS18B20_Init) for My_DS18B20_Init
    main.o(i.main) refers to my_pwm.o(i.My_PWM_Init) for My_PWM_Init
    main.o(i.main) refers to my_ledblink.o(i.My_LEDBlink) for My_LEDBlink
    main.o(i.main) refers to delay.o(i.delay_ms) for delay_ms
[...]
    _printf_l                                0x0800020f   Thumb Code     0  _printf_l.o(.ARM.Collect$$_printf_percent$$00000012)
    _printf_c                                0x08000219   Thumb Code     0  _printf_c.o(.ARM.Collect$$_printf_percent$$00000013)
    _printf_s                                0x0800021f   Thumb Code     0  _printf_s.o(.ARM.Collect$$_printf_percent$$00000014)
    _printf_lc                               0x08000225   Thumb Code     0  _printf_lc.o(.ARM.Collect$$_printf_percent$$00000015)
    _printf_ls                               0x0800022b   Thumb Code     0  _printf_ls.o(.ARM.Collect$$_printf_percent$$00000016)
    _printf_percent_end                      0x08000231   Thumb Code     0  _printf_percent_end.o(.ARM.Collect$$_printf_percent$$00000017)
    __rt_lib_init                            0x08000235   Thumb Code     0  libinit.o(.ARM.Collect$$libinit$$00000000)
    __rt_lib_init_fp_1                       0x08000237   Thumb Code     0  libinit2.o(.ARM.Collect$$libinit$$00000002)
    __rt_lib_init_heap_1                     0x08000237   Thumb Code     0  libinit2.o(.ARM.Collect$$libinit$$0000000A)
    __rt_lib_init_lc_common                  0x08000237   Thumb Code     0  libinit2.o(.ARM.Collect$$libinit$$0000000F)
    __rt_lib_init_preinit_1                  0x08000237   Thumb Code     0  libinit2.o(.ARM.Collect$$libinit$$00000004)
    __rt_lib_init_rand_1                     0x08000237   Thumb Code     0  libinit2.o(.ARM.Collect$$libinit$$0000000E)
    __rt_lib_init_user_alloc_1               0x08000237   Thumb Code     0  libinit2.o(.ARM.Collect$$libinit$$0000000C)
    __rt_lib_init_lc_collate_1               0x0800023d   Thumb Code     0  libinit2.o(.ARM.Collect$$libinit$$00000011)
    __rt_lib_init_lc_ctype_2                 0x0800023d   Thumb Code     0  libinit2.o(.ARM.Collect$$libinit$$00000012)
    __rt_lib_init_lc_ctype_1                 0x08000249   Thumb Code     0  libinit2.o(.ARM.Collect$$libinit$$00000013)
    __rt_lib_init_lc_monetary_1              0x08000249   Thumb Code     0  libinit2.o(.ARM.Collect$$libinit$$00000015)
    __rt_lib_init_lc_numeric_2               0x08000249   Thumb Code     0  libinit2.o(.ARM.Collect$$libinit$$00000016)
    __rt_lib_init_alloca_1                   0x08000253   Thumb Code     0  libinit2.o(.ARM.Collect$$libinit$$0000002E)
    __rt_lib_init_argv_1                     0x08000253   Thumb Code     0  libinit2.o(.ARM.Collect$$libinit$$0000002C)
    __rt_lib_init_atexit_1                   0x08000253   Thumb Code     0  libinit2.o(.ARM.Collect$$libinit$$0000001B)
    __rt_lib_init_clock_1                    0x08000253   Thumb Code     0  libinit2.o(.ARM.Collect$$libinit$$00000021)
    __rt_lib_init_cpp_1                      0x08000253   Thumb Code     0  libinit2.o(.ARM.Collect$$libinit$$00000032)
    __rt_lib_init_exceptions_1               0x08000253   Thumb Code     0  libinit2.o(.ARM.Collect$$libinit$$00000030)
    __rt_lib_init_fp_trap_1                  0x08000253   Thumb Code     0  libinit2.o(.ARM.Collect$$libinit$$0000001F)
    __rt_lib_init_getenv_1                   0x08000253   Thumb Code     0  libinit2.o(.ARM.Collect$$libinit$$00000023)
    __rt_lib_init_lc_numeric_1               0x08000253   Thumb Code     0  libinit2.o(.ARM.Collect$$libinit$$00000017)
    __rt_lib_init_lc_time_1                  0x08000253   Thumb Code     0  libinit2.o(.ARM.Collect$$libinit$$00000019)
    __rt_lib_init_return                     0x08000253   Thumb Code     0  libinit2.o(.ARM.Collect$$libinit$$00000033)
    __rt_lib_init_signal_1                   0x08000253   Thumb Code     0  libinit2.o(.ARM.Collect$$libinit$$0000001D)
    __rt_lib_init_stdio_1                    0x08000253   Thumb Code     0  libinit2.o(.ARM.Collect$$libinit$$00000025)
    __rt_lib_shutdown                        0x08000255   Thumb Code     0  libshutdown.o(.ARM.Collect$$libshutdown$$00000000)
    __rt_lib_shutdown_cpp_1                  0x08000257   Thumb Code     0  libshutdown2.o(.ARM.Collect$$libshutdown$$00000002)
    __rt_lib_shutdown_fp_trap_1              0x08000257   Thumb Code     0  libshutdown2.o(.ARM.Collect$$libshutdown$$00000007)
    __rt_lib_shutdown_heap_1                 0x08000257   Thumb Code     0  libshutdown2.o(.ARM.Collect$$libshutdown$$0000000F)
    __rt_lib_shutdown_return                 0x08000257   Thumb Code     0  libshutdown2.o(.ARM.Collect$$libshutdown$$00000010)
    __rt_lib_shutdown_signal_1               0x08000257   Thumb Code     0  libshutdown2.o(.ARM.Collect$$libshutdown$$0000000A)
    __rt_lib_shutdown_stdio_1                0x08000257   Thumb Code     0  libshutdown2.o(.ARM.Collect$$libshutdown$$00000004)
    __rt_lib_shutdown_user_alloc_1           0x08000257   Thumb Code     0  libshutdown2.o(.ARM.Collect$$libshutdown$$0000000C)
    __rt_entry                               0x08000259   Thumb Code     0  __rtentry.o(.ARM.Collect$$rtentry$$00000000)
    __rt_entry_presh_1                       0x08000259   Thumb Code     0  __rtentry2.o(.ARM.Collect$$rtentry$$00000002)
    __rt_entry_sh                            0x08000259   Thumb Code     0  __rtentry4.o(.ARM.Collect$$rtentry$$00000004)
    __rt_entry_li                            0x0800025f   Thumb Code     0  __rtentry2.o(.ARM.Collect$$rtentry$$0000000A)
    __rt_entry_postsh_1                      0x0800025f   Thumb Code     0  __rtentry2.o(.ARM.Collect$$rtentry$$00000009)
    __rt_entry_main                          0x08000263   Thumb Code     0  __rtentry2.o(.ARM.Collect$$rtentry$$0000000D)
    __rt_entry_postli_1                      0x08000263   Thumb Code     0  __rtentry2.o(.ARM.Collect$$rtentry$$0000000C)
    __rt_exit                                0x0800026b   Thumb Code     0  rtexit.o(.ARM.Collect$$rtexit$$00000000)
    __rt_exit_ls                             0x0800026d   Thumb Code     0  rtexit2.o(.ARM.Collect$$rtexit$$00000003)
    __rt_exit_prels_1                        0x0800026d   Thumb Code     0  rtexit2.o(.ARM.Collect$$rtexit$$00000002)
    __rt_exit_exit                           0x08000271   Thumb Code     0  rtexit2.o(.ARM.Collect$$rtexit$$00000004)
    Reset_Handler                            0x08000279   Thumb Code     8  startup_stm32f10x_hd.o(.text)
    ADC1_2_IRQHandler                        0x08000293   Thumb Code     0  startup_stm32f10x_hd.o(.text)
    ADC3_IRQHandler                          0x08000293   Thumb Code     0  startup_stm32f10x_hd.o(.text)
    CAN1_RX1_IRQHandler                      0x08000293   Thumb Code     0  startup_stm32f10x_hd.o(.text)
    CAN1_SCE_IRQHandler                      0x08000293   Thumb Code     0  startup_stm32f10x_hd.o(.text)
    DMA1_Channel1_IRQHandler                 0x08000293   Thumb Code     0  startup_stm32f10x_hd.o(.text)
    DMA1_Channel2_IRQHandler                 0x08000293   Thumb Code     0  startup_stm32f10x_hd.o(.text)
    DMA1_Channel3_IRQHandler                 0x08000293   Thumb Code     0  startup_stm32f10x_hd.o(.text)
    DMA1_Channel4_IRQHandler                 0x08000293   Thumb Code     0  startup_stm32f10x_hd.o(.text)
    DMA1_Channel5_IRQHandler                 0x08000293   Thumb Code     0  startup_stm32f10x_hd.o(.text)
    DMA1_Channel6_IRQHandler                 0x08000293   Thumb Code     0  startup_stm32f10x_hd.o(.text)
    DMA1_Channel7_IRQHandler                 0x08000293   Thumb Code     0  startup_stm32f10x_hd.o(.text)
    DMA2_Channel1_IRQHandler                 0x08000293   Thumb Code     0  startup_stm32f10x_hd.o(.text)
    DMA2_Channel2_IRQHandler                 0x08000293   Thumb Code     0  startup_stm32f10x_hd.o(.text)
    DMA2_Channel3_IRQHandler                 0x08000293   Thumb Code     0  startup_stm32f10x_hd.o(.text)
    DMA2_Channel4_5_IRQHandler               0x08000293   Thumb Code     0  startup_stm32f10x_hd.o(.text)
    EXTI0_IRQHandler                         0x08000293   Thumb Code     0  startup_stm32f10x_hd.o(.text)
    EXTI15_10_IRQHandler                     0x08000293   Thumb Code     0  startup_stm32f10x_hd.o(.text)
    EXTI1_IRQHandler                         0x08000293   Thumb Code     0  startup_stm32f10x_hd.o(.text)
    EXTI2_IRQHandler                         0x08000293   Thumb Code     0  startup_stm32f10x_hd.o(.text)
    EXTI3_IRQHandler                         0x08000293   Thumb Code     0  startup_stm32f10x_hd.o(.text)
    EXTI4_IRQHandler                         0x08000293   Thumb Code     0  startup_stm32f10x_hd.o(.text)
    EXTI9_5_IRQHandler                       0x08000293   Thumb Code     0  startup_stm32f10x_hd.o(.text)
    FLASH_IRQHandler                         0x08000293   Thumb Code     0  startup_stm32f10x_hd.o(.text)
    FSMC_IRQHandler                          0x08000293   Thumb Code     0  startup_stm32f10x_hd.o(.text)
    I2C1_ER_IRQHandler                       0x08000293   Thumb Code     0  startup_stm32f10x_hd.o(.text)
    I2C1_EV_IRQHandler                       0x08000293   Thumb Code     0  startup_stm32f10x_hd.o(.text)
    I2C2_ER_IRQHandler                       0x08000293   Thumb Code     0  startup_stm32f10x_hd.o(.text)
    I2C2_EV_IRQHandler                       0x08000293   Thumb Code     0  startup_stm32f10x_hd.o(.text)
    PVD_IRQHandler                           0x08000293   Thumb Code     0  startup_stm32f10x_hd.o(.text)
    RCC_IRQHandler                           0x08000293   Thumb Code     0  startup_stm32f10x_hd.o(.text)
    RTCAlarm_IRQHandler                      0x08000293   Thumb Code     0  startup_stm32f10x_hd.o(.text)
    RTC_IRQHandler                           0x08000293   Thumb Code     0  startup_stm32f10x_hd.o(.text)
    SDIO_IRQHandler                          0x08000293   Thumb Code     0  startup_stm32f10x_hd.o(.text)
    SPI1_IRQHandler                          0x08000293   Thumb Code     0  startup_stm32f10x_hd.o(.text)
    SPI2_IRQHandler                          0x08000293   Thumb Code     0  startup_stm32f10x_hd.o(.text)
    SPI3_IRQHandler                          0x08000293   Thumb Code     0  startup_stm32f10x_hd.o(.text)
    TAMPER_IRQHandler                        0x08000293   Thumb Code     0  startup_stm32f10x_hd.o(.text)
    TIM1_BRK_IRQHandler                      0x08000293   Thumb Code     0  startup_stm32f10x_hd.o(.text)
    TIM1_CC_IRQHandler                       0x08000293   Thumb Code     0  startup_stm32f10x_hd.o(.text)
    TIM1_TRG_COM_IRQHandler                  0x08000293   Thumb Code     0  startup_stm32f10x_hd.o(.text)
    TIM1_UP_IRQHandler                       0x08000293   Thumb Code     0  startup_stm32f10x_hd.o(.text)
    TIM2_IRQHandler                          0x08000293   Thumb Code     0  startup_stm32f10x_hd.o(.text)
    TIM3_IRQHandler                          0x08000293   Thumb Code     0  startup_stm32f10x_hd.o(.text)
    TIM4_IRQHandler                          0x08000293   Thumb Code     0  startup_stm32f10x_hd.o(.text)
    TIM5_IRQHandler                          0x08000293   Thumb Code     0  startup_stm32f10x_hd.o(.text)
    TIM6_IRQHandler                          0x08000293   Thumb Code     0  startup_stm32f10x_hd.o(.text)
    TIM7_IRQHandler                          0x08000293   Thumb Code     0  startup_stm32f10x_hd.o(.text)
    TIM8_BRK_IRQHandler                      0x08000293   Thumb Code     0  startup_stm32f10x_hd.o(.text)
    TIM8_CC_IRQHandler                       0x08000293   Thumb Code     0  startup_stm32f10x_hd.o(.text)
    TIM8_TRG_COM_IRQHandler                  0x08000293   Thumb Code     0  startup_stm32f10x_hd.o(.text)
    TIM8_UP_IRQHandler                       0x08000293   Thumb Code     0  startup_stm32f10x_hd.o(.text)
    UART4_IRQHandler                         0x08000293   Thumb Code     0  startup_stm32f10x_hd.o(.text)
    UART5_IRQHandler                         0x08000293   Thumb Code     0  startup_stm32f10x_hd.o(.text)
    USBWakeUp_IRQHandler                     0x08000293   Thumb Code     0  startup_stm32f10x_hd.o(.text)
    USB_HP_CAN1_TX_IRQHandler                0x08000293   Thumb Code     0  startup_stm32f10x_hd.o(.text)
    USB_LP_CAN1_RX0_IRQHandler               0x08000293   Thumb Code     0  startup_stm32f10x_hd.o(.text)
    WWDG_IRQHandler                          0x08000293   Thumb Code     0  startup_stm32f10x_hd.o(.text)
    __user_initial_stackheap                 0x08000295   Thumb Code     0  startup_stm32f10x_hd.o(.text)
    __use_no_semihosting                     0x080002b9   Thumb Code     2  use_no_semi_2.o(.text)
    __c89vsprintf                            0x080002bd   Thumb Code    32  c89vsprintf.o(.text)
    __2sprintf                               0x080002e1   Thumb Code    38  __2sprintf.o(.text)
    _printf_pre_padding                      0x0800030d   Thumb Code    44  _printf_pad.o(.text)
    _printf_post_padding                     0x08000339   Thumb Code    34  _printf_pad.o(.text)
    _printf_str                              0x0800035b   Thumb Code    82  _printf_str.o(.text)
    _printf_int_dec                          0x080003ad   Thumb Code   104  _printf_dec.o(.text)
    __printf                                 0x08000425   Thumb Code   388  __printf_flags_ss_wp.o(.text)
    strstr                                   0x080005ad   Thumb Code    36  strstr.o(.text)
    __aeabi_memclr                           0x080005d1   Thumb Code     0  rt_memclr.o(.text)
    __rt_memclr                              0x080005d1   Thumb Code    68  rt_memclr.o(.text)
    _memset                                  0x080005d5   Thumb Code     0  rt_memclr.o(.text)
    __use_two_region_memory                  0x08000615   Thumb Code     2  heapauxi.o(.text)
    __rt_heap_escrow$2region                 0x08000617   Thumb Code     2  heapauxi.o(.text)
    __rt_heap_expand$2region                 0x08000619   Thumb Code     2  heapauxi.o(.text)
    __I$use$semihosting                      0x0800061b   Thumb Code     0  use_no_semi.o(.text)
    __use_no_semihosting_swi                 0x0800061b   Thumb Code     2  use_no_semi.o(.text)
    _printf_truncate_signed                  0x0800061d   Thumb Code    18  _printf_truncate.o(.text)
    _printf_truncate_unsigned                0x0800062f   Thumb Code    18  _printf_truncate.o(.text)
    _printf_int_common                       0x08000641   Thumb Code   178  _printf_intcommon.o(.text)
    _printf_charcount                        0x080006f3   Thumb Code    40  _printf_charcount.o(.text)
    __lib_sel_fp_printf                      0x0800071b   Thumb Code     2  _printf_fp_dec.o(.text)
    _printf_fp_dec_real                      0x080008cd   Thumb Code   620  _printf_fp_dec.o(.text)
    _printf_char_common                      0x08000b43   Thumb Code    32  _printf_char_common.o(.text)
    _sputc                                   0x08000b69   Thumb Code    10  _sputc.o(.text)
    _printf_cs_common                        0x08000b73   Thumb Code    20  _printf_char.o(.text)
    _printf_char                             0x08000b87   Thumb Code    16  _printf_char.o(.text)
    _printf_string                           0x08000b97   Thumb Code     8  _printf_char.o(.text)
    _printf_wctomb                           0x08000ba1   Thumb Code   182  _printf_wctomb.o(.text)
    _printf_longlong_dec                     0x08000c5d   Thumb Code   108  _printf_longlong_dec.o(.text)
    _printf_longlong_oct                     0x08000cd9   Thumb Code    66  _printf_oct_int_ll.o(.text)
    _printf_int_oct                          0x08000d1b   Thumb Code    24  _printf_oct_int_ll.o(.text)
    _printf_ll_oct                           0x08000d33   Thumb Code    12  _printf_oct_int_ll.o(.text)
    _printf_longlong_hex                     0x08000d49   Thumb Code    86  _printf_hex_int_ll_ptr.o(.text)
    _printf_int_hex                          0x08000d9f   Thumb Code    28  _printf_hex_int_ll_ptr.o(.text)
    _printf_ll_hex                           0x08000dbb   Thumb Code    12  _printf_hex_int_ll_ptr.o(.text)
    _printf_hex_ptr                          0x08000dc7   Thumb Code    18  _printf_hex_int_ll_ptr.o(.text)
    __aeabi_memclr4                          0x08000ddd   Thumb Code     0  rt_memclr_w.o(.text)
    __aeabi_memclr8                          0x08000ddd   Thumb Code     0  rt_memclr_w.o(.text)
    __rt_memclr_w                            0x08000ddd   Thumb Code    78  rt_memclr_w.o(.text)
    _memset_w                                0x08000de1   Thumb Code     0  rt_memclr_w.o(.text)
    __rt_locale                              0x08000e2d   Thumb Code     8  rt_locale_intlibspace.o(.text)
    _ll_udiv10                               0x08000e35   Thumb Code   138  lludiv10.o(.text)
    _printf_fp_infnan                        0x08000ec1   Thumb Code   112  _printf_fp_infnan.o(.text)
    _printf_lcs_common                       0x08000f41   Thumb Code    20  _printf_wchar.o(.text)
    _printf_wchar                            0x08000f55   Thumb Code    16  _printf_wchar.o(.text)
    _printf_wstring                          0x08000f65   Thumb Code     8  _printf_wchar.o(.text)
    _btod_etento                             0x08000f6d   Thumb Code   224  bigflt0.o(.text)
    _wcrtomb                                 0x08001051   Thumb Code    64  _wcrtomb.o(.text)
    __user_libspace                          0x08001091   Thumb Code     8  libspace.o(.text)
    __user_perproc_libspace                  0x08001091   Thumb Code     0  libspace.o(.text)
    __user_perthread_libspace                0x08001091   Thumb Code     0  libspace.o(.text)
    __user_setup_stackheap                   0x08001099   Thumb Code    74  sys_stackheap_outer.o(.text)
    __rt_ctype_table                         0x080010e5   Thumb Code    16  rt_ctype_table.o(.text)
    exit                                     0x080010f5   Thumb Code    18  exit.o(.text)
    strcmp                                   0x08001109   Thumb Code   128  strcmpv7m.o(.text)
    _btod_d2e                                0x08001189   Thumb Code    62  btod.o(CL$$btod_d2e)
    _d2e_denorm_low                          0x080011c7   Thumb Code    70  btod.o(CL$$btod_d2e_denorm_low)
    _d2e_norm_op1                            0x0800120d   Thumb Code    96  btod.o(CL$$btod_d2e_norm_op1)
    __btod_div_common                        0x0800126d   Thumb Code   696  btod.o(CL$$btod_div_common)
    _e2e                                     0x080015a5   Thumb Code   220  btod.o(CL$$btod_e2e)
    _btod_ediv                               0x08001681   Thumb Code    42  btod.o(CL$$btod_ediv)
    _btod_emul                               0x080016ab   Thumb Code    42  btod.o(CL$$btod_emul)
    __btod_mult_common                       0x080016d5   Thumb Code   580  btod.o(CL$$btod_mult_common)
    main                                     0x08001919   Thumb Code    22  my_board.o(i.$Sub$$main)
    ADC_Cmd                                  0x0800192f   Thumb Code    22  stm32f10x_adc.o(i.ADC_Cmd)
    ADC_DMACmd                               0x08001945   Thumb Code    22  stm32f10x_adc.o(i.ADC_DMACmd)
    ADC_DeInit                               0x0800195d   Thumb Code    78  stm32f10x_adc.o(i.ADC_DeInit)
    ADC_GetCalibrationStatus                 0x080019b9   Thumb Code    20  stm32f10x_adc.o(i.ADC_GetCalibrationStatus)
    ADC_GetConversionValue                   0x080019cd   Thumb Code     8  stm32f10x_adc.o(i.ADC_GetConversionValue)
    ADC_GetFlagStatus                        0x080019d5   Thumb Code    18  stm32f10x_adc.o(i.ADC_GetFlagStatus)
    ADC_GetResetCalibrationStatus            0x080019e7   Thumb Code    20  stm32f10x_adc.o(i.ADC_GetResetCalibrationStatus)
    ADC_Init                                 0x080019fd   Thumb Code    70  stm32f10x_adc.o(i.ADC_Init)
    ADC_RegularChannelConfig                 0x08001a4d   Thumb Code   184  stm32f10x_adc.o(i.ADC_RegularChannelConfig)
    ADC_ResetCalibration                     0x08001b05   Thumb Code    10  stm32f10x_adc.o(i.ADC_ResetCalibration)
    ADC_SoftwareStartConvCmd                 0x08001b0f   Thumb Code    22  stm32f10x_adc.o(i.ADC_SoftwareStartConvCmd)
    ADC_StartCalibration                     0x08001b25   Thumb Code    10  stm32f10x_adc.o(i.ADC_StartCalibration)
    BKP_TamperPinCmd                         0x08001b31   Thumb Code     6  stm32f10x_bkp.o(i.BKP_TamperPinCmd)
    BusFault_Handler                         0x08001b3d   Thumb Code     4  stm32f10x_it.o(i.BusFault_Handler)
    DWT_Init                                 0x08001b41   Thumb Code    30  delay.o(i.DWT_Init)
    DebugMon_Handler                         0x08001b69   Thumb Code     2  stm32f10x_it.o(i.DebugMon_Handler)
    FLASH_ErasePage                          0x08001b6d   Thumb Code    72  stm32f10x_flash.o(i.FLASH_ErasePage)
    FLASH_GetBank1Status                     0x08001bb9   Thumb Code    48  stm32f10x_flash.o(i.FLASH_GetBank1Status)
    FLASH_ProgramHalfWord                    0x08001bed   Thumb Code    60  stm32f10x_flash.o(i.FLASH_ProgramHalfWord)
    FLASH_Unlock                             0x08001c2d   Thumb Code    12  stm32f10x_flash.o(i.FLASH_Unlock)
    FLASH_WaitForLastOperation               0x08001c45   Thumb Code    38  stm32f10x_flash.o(i.FLASH_WaitForLastOperation)
    GPIO_Init                                0x08001c6b   Thumb Code   278  stm32f10x_gpio.o(i.GPIO_Init)
    GPIO_PinRemapConfig                      0x08001d81   Thumb Code   138  stm32f10x_gpio.o(i.GPIO_PinRemapConfig)
    GPIO_Pin_Init                            0x08001e11   Thumb Code   180  mygpio.o(i.GPIO_Pin_Init)
    HardFault_Handler                        0x08001ed1   Thumb Code     4  stm32f10x_it.o(i.HardFault_Handler)
    KeyIsPress                               0x08001ed5   Thumb Code    34  my_key.o(i.KeyIsPress)
    LCD_Clear                                0x08001f01   Thumb Code    68  my_lcd_spi.o(i.LCD_Clear)
    LCD_DCET                                 0x08001f49   Thumb Code    30  my_lcd_spi.o(i.LCD_DCET)
    LCD_DrawMatrixCode                       0x08001f71   Thumb Code   138  my_lcd_spi_gui.o(i.LCD_DrawMatrixCode)
    LCD_DrawPoint                            0x08001ffd   Thumb Code    24  my_lcd_spi.o(i.LCD_DrawPoint)
    LCD_GPIOInit                             0x08002019   Thumb Code    26  my_lcd_spi.o(i.LCD_GPIOInit)
    LCD_GetPos_X                             0x08002039   Thumb Code    26  my_lcd_spi_gui.o(i.LCD_GetPos_X)
    LCD_GetPos_Y                             0x08002059   Thumb Code    24  my_lcd_spi_gui.o(i.LCD_GetPos_Y)
    LCD_Init                                 0x08002075   Thumb Code   558  my_lcd_spi.o(i.LCD_Init)
    LCD_ScanLine_Byte                        0x080022a9   Thumb Code    92  my_lcd_spi_gui.o(i.LCD_ScanLine_Byte)
    LCD_SetCursor                            0x0800230d   Thumb Code    20  my_lcd_spi.o(i.LCD_SetCursor)
    LCD_SetWindows                           0x08002321   Thumb Code   104  my_lcd_spi.o(i.LCD_SetWindows)
    LCD_ShowChar                             0x0800238d   Thumb Code   166  my_lcd_spi_gui.o(i.LCD_ShowChar)
    LCD_ShowChinese                          0x08002441   Thumb Code   182  my_lcd_spi_gui.o(i.LCD_ShowChinese)
    LCD_ShowString                           0x0800250d   Thumb Code   118  my_lcd_spi_gui.o(i.LCD_ShowString)
    LCD_WR_DATA                              0x08002585   Thumb Code    32  my_lcd_spi.o(i.LCD_WR_DATA)
    LCD_WR_REG                               0x080025ad   Thumb Code    30  my_lcd_spi.o(i.LCD_WR_REG)
    LCD_WriteData_16Bit                      0x080025d5   Thumb Code    38  my_lcd_spi.o(i.LCD_WriteData_16Bit)
    LCD_WriteRAM_Prepare                     0x08002605   Thumb Code    12  my_lcd_spi.o(i.LCD_WriteRAM_Prepare)
    LCD_WriteReg                             0x08002615   Thumb Code    20  my_lcd_spi.o(i.LCD_WriteReg)
    LCD_direction                            0x08002629   Thumb Code   140  my_lcd_spi.o(i.LCD_direction)
    MemManage_Handler                        0x080026b9   Thumb Code     4  stm32f10x_it.o(i.MemManage_Handler)
    My_ADC_GetADCChannel                     0x080026bd   Thumb Code   116  my_adc.o(i.My_ADC_GetADCChannel)
    My_ADC_GetValue                          0x0800273d   Thumb Code    48  my_adc.o(i.My_ADC_GetValue)
    My_ADC_Init                              0x0800276d   Thumb Code    18  my_adc.o(i.My_ADC_Init)
    My_ADC_PreInit                           0x08002781   Thumb Code   244  my_adc.o(i.My_ADC_PreInit)
    My_DS18B20_Check                         0x08002885   Thumb Code   160  my_ds18b20.o(i.My_DS18B20_Check)
    My_DS18B20_GetTemp                       0x08002929   Thumb Code   176  my_ds18b20.o(i.My_DS18B20_GetTemp)
    My_DS18B20_Init                          0x080029e1   Thumb Code    72  my_ds18b20.o(i.My_DS18B20_Init)
    My_DS18B20_Read_Bit                      0x08002a2d   Thumb Code   188  my_ds18b20.o(i.My_DS18B20_Read_Bit)
    My_DS18B20_Read_Byte                     0x08002aed   Thumb Code    42  my_ds18b20.o(i.My_DS18B20_Read_Byte)
    My_DS18B20_Rst                           0x08002b19   Thumb Code   118  my_ds18b20.o(i.My_DS18B20_Rst)
    My_DS18B20_Start                         0x08002b95   Thumb Code    34  my_ds18b20.o(i.My_DS18B20_Start)
    My_DS18B20_Write_Byte                    0x08002bb9   Thumb Code   260  my_ds18b20.o(i.My_DS18B20_Write_Byte)
    My_Font_GetCodeSize_ASCII                0x08002cc1   Thumb Code    56  my_lcd_spi_gui.o(i.My_Font_GetCodeSize_ASCII)
    My_Font_GetCodeSize_CH                   0x08002cf9   Thumb Code    44  my_lcd_spi_gui.o(i.My_Font_GetCodeSize_CH)
    My_KEY_Init                              0x08002d25   Thumb Code    42  my_key.o(i.My_KEY_Init)
    My_KeyReadState                          0x08002d55   Thumb Code    94  my_key.o(i.My_KeyReadState)
    My_KeyScan                               0x08002dbd   Thumb Code    46  my_key.o(i.My_KeyScan)
    My_LEDBlink                              0x08002df5   Thumb Code   140  my_ledblink.o(i.My_LEDBlink)
    My_LEDBlinkProcess                       0x08002e85   Thumb Code   574  my_ledblink.o(i.My_LEDBlinkProcess)
    My_LED_Init                              0x080030cd   Thumb Code    90  my_led.o(i.My_LED_Init)
    My_LcdHmiMessage_Process                 0x08003131   Thumb Code   130  my_lcd_hmi.o(i.My_LcdHmiMessage_Process)
    My_LcdHmiMessage_StateMachine            0x080031bd   Thumb Code   184  my_lcd_hmi.o(i.My_LcdHmiMessage_StateMachine)
    My_LcdHmi_Init                           0x08003285   Thumb Code    20  my_lcd_hmi.o(i.My_LcdHmi_Init)
    My_MLDC4G_Init                           0x0800329d   Thumb Code   122  my_mldc4g_xd.o(i.My_MLDC4G_Init)
    My_MLDC4G_SendSMS                        0x08003361   Thumb Code   118  my_mldc4g_xd.o(i.My_MLDC4G_SendSMS)
    My_PWM_Init                              0x08003415   Thumb Code    28  my_pwm.o(i.My_PWM_Init)
    My_PWM_PreInit                           0x08003431   Thumb Code   582  my_pwm.o(i.My_PWM_PreInit)
    My_PWM_SetDuty                           0x08003681   Thumb Code   262  my_pwm.o(i.My_PWM_SetDuty)
    My_STMFlash_ReadHalfWord                 0x08003795   Thumb Code     6  my_stmflash.o(i.My_STMFlash_ReadHalfWord)
    My_STMFlash_ReadSectorSave               0x0800379d   Thumb Code   206  my_stmflash.o(i.My_STMFlash_ReadSectorSave)
    My_STMFlash_SaveUseSector                0x0800387d   Thumb Code   142  my_stmflash.o(i.My_STMFlash_SaveUseSector)
    My_STMFlash_SectorSaveInit               0x0800391d   Thumb Code    84  my_stmflash.o(i.My_STMFlash_SectorSaveInit)
    My_STMFlash_WriteHalfWord_NoCheck        0x0800397d   Thumb Code    50  my_stmflash.o(i.My_STMFlash_WriteHalfWord_NoCheck)
    My_SysTick_GetTicks                      0x080039b1   Thumb Code     6  my_systick.o(i.My_SysTick_GetTicks)
    My_SysTick_Init                          0x080039bd   Thumb Code    82  my_systick.o(i.My_SysTick_Init)
    My_USART_Init                            0x08003a1d   Thumb Code   266  usart.o(i.My_USART_Init)
    My_USART_SendByte                        0x08003b35   Thumb Code    28  usart.o(i.My_USART_SendByte)
    My_USART_SendBytes                       0x08003b51   Thumb Code    32  usart.o(i.My_USART_SendBytes)
    My_USART_SendString                      0x08003b71   Thumb Code    26  usart.o(i.My_USART_SendString)
    My_USART_printf                          0x08003b8b   Thumb Code    46  usart.o(i.My_USART_printf)
    My_UartMessage_Process                   0x08003bb9   Thumb Code   130  my_uart_msg.o(i.My_UartMessage_Process)
    My_UartMessage_StateMachine              0x08003c45   Thumb Code   184  my_uart_msg.o(i.My_UartMessage_StateMachine)
    NMI_Handler                              0x08003d0d   Thumb Code     2  stm32f10x_it.o(i.NMI_Handler)
    NVIC_Configuration                       0x08003d0f   Thumb Code    12  my_board.o(i.NVIC_Configuration)
    NVIC_Init                                0x08003d1d   Thumb Code   100  misc.o(i.NVIC_Init)
    NVIC_PriorityGroupConfig                 0x08003d8d   Thumb Code    10  misc.o(i.NVIC_PriorityGroupConfig)
    OnGetLcdHmiMessage                       0x08003da1   Thumb Code   282  main.o(i.OnGetLcdHmiMessage)
    OnGetUartMessage                         0x08003ee9   Thumb Code   346  main.o(i.OnGetUartMessage)
    PWR_BackupAccessCmd                      0x0800408d   Thumb Code     6  stm32f10x_pwr.o(i.PWR_BackupAccessCmd)
    ParseInteger                             0x08004099   Thumb Code    68  my_sysdef.o(i.ParseInteger)
    PendSV_Handler                           0x080040dd   Thumb Code     2  stm32f10x_it.o(i.PendSV_Handler)
    RCC_ADCCLKConfig                         0x080040e1   Thumb Code    18  stm32f10x_rcc.o(i.RCC_ADCCLKConfig)
    RCC_APB1PeriphClockCmd                   0x080040f9   Thumb Code    26  stm32f10x_rcc.o(i.RCC_APB1PeriphClockCmd)
    RCC_APB1PeriphResetCmd                   0x08004119   Thumb Code    26  stm32f10x_rcc.o(i.RCC_APB1PeriphResetCmd)
    RCC_APB2PeriphClockCmd                   0x08004139   Thumb Code    26  stm32f10x_rcc.o(i.RCC_APB2PeriphClockCmd)
    RCC_APB2PeriphResetCmd                   0x08004159   Thumb Code    26  stm32f10x_rcc.o(i.RCC_APB2PeriphResetCmd)
    RCC_GetClocksFreq                        0x08004179   Thumb Code   192  stm32f10x_rcc.o(i.RCC_GetClocksFreq)
    SPIv_WriteData                           0x0800424d   Thumb Code    56  my_lcd_spi.o(i.SPIv_WriteData)
    SVC_Handler                              0x0800428d   Thumb Code     2  stm32f10x_it.o(i.SVC_Handler)
    SysTick_Handler                          0x08004379   Thumb Code    64  my_systick.o(i.SysTick_Handler)
    SystemInit                               0x080043c5   Thumb Code    78  system_stm32f10x.o(i.SystemInit)
    TIM_ARRPreloadConfig                     0x08004425   Thumb Code    24  stm32f10x_tim.o(i.TIM_ARRPreloadConfig)
    TIM_Cmd                                  0x0800443d   Thumb Code    24  stm32f10x_tim.o(i.TIM_Cmd)
    TIM_CtrlPWMOutputs                       0x08004455   Thumb Code    30  stm32f10x_tim.o(i.TIM_CtrlPWMOutputs)
    TIM_OC1Init                              0x08004475   Thumb Code   132  stm32f10x_tim.o(i.TIM_OC1Init)
    TIM_OC1PreloadConfig                     0x0800450d   Thumb Code    18  stm32f10x_tim.o(i.TIM_OC1PreloadConfig)
    TIM_OC2Init                              0x08004521   Thumb Code   154  stm32f10x_tim.o(i.TIM_OC2Init)
    TIM_OC2PreloadConfig                     0x080045c5   Thumb Code    26  stm32f10x_tim.o(i.TIM_OC2PreloadConfig)
    TIM_OC3Init                              0x080045e1   Thumb Code   150  stm32f10x_tim.o(i.TIM_OC3Init)
    TIM_OC3PreloadConfig                     0x08004681   Thumb Code    18  stm32f10x_tim.o(i.TIM_OC3PreloadConfig)
    TIM_OC4Init                              0x08004695   Thumb Code   114  stm32f10x_tim.o(i.TIM_OC4Init)
    TIM_OC4PreloadConfig                     0x08004711   Thumb Code    26  stm32f10x_tim.o(i.TIM_OC4PreloadConfig)
    TIM_SetCompare1                          0x0800472b   Thumb Code     4  stm32f10x_tim.o(i.TIM_SetCompare1)
    TIM_SetCompare2                          0x0800472f   Thumb Code     4  stm32f10x_tim.o(i.TIM_SetCompare2)
    TIM_SetCompare3                          0x08004733   Thumb Code     4  stm32f10x_tim.o(i.TIM_SetCompare3)
    TIM_SetCompare4                          0x08004737   Thumb Code     6  stm32f10x_tim.o(i.TIM_SetCompare4)
    TIM_TimeBaseInit                         0x0800473d   Thumb Code   122  stm32f10x_tim.o(i.TIM_TimeBaseInit)
    USART1_IRQHandler                        0x080047e1   Thumb Code    36  usart.o(i.USART1_IRQHandler)
    USART2_IRQHandler                        0x08004809   Thumb Code    24  usart.o(i.USART2_IRQHandler)
    USART3_IRQHandler                        0x08004825   Thumb Code    30  usart.o(i.USART3_IRQHandler)
    USART_Cmd                                0x08004849   Thumb Code    24  stm32f10x_usart.o(i.USART_Cmd)
    USART_DeInit                             0x08004861   Thumb Code   134  stm32f10x_usart.o(i.USART_DeInit)
    USART_GetITStatus                        0x080048fd   Thumb Code    84  stm32f10x_usart.o(i.USART_GetITStatus)
    USART_ITConfig                           0x08004951   Thumb Code    74  stm32f10x_usart.o(i.USART_ITConfig)
    USART_Init                               0x0800499d   Thumb Code   210  stm32f10x_usart.o(i.USART_Init)
    USART_ReceiveData                        0x08004a75   Thumb Code    10  stm32f10x_usart.o(i.USART_ReceiveData)
    USART_SendData                           0x08004a7f   Thumb Code     8  stm32f10x_usart.o(i.USART_SendData)
    UsageFault_Handler                       0x08004a87   Thumb Code     4  stm32f10x_it.o(i.UsageFault_Handler)
    __ARM_fpclassify                         0x08004a8b   Thumb Code    40  fpclassify.o(i.__ARM_fpclassify)
    _is_digit                                0x08004ab3   Thumb Code    14  __printf_wp.o(i._is_digit)
    _sys_exit                                0x08004ac1   Thumb Code     4  usart.o(i._sys_exit)
    checkWireLessMode                        0x08004ac5   Thumb Code    26  main.o(i.checkWireLessMode)
    ctrlFanPwm                               0x08004aed   Thumb Code    28  main.o(i.ctrlFanPwm)
    ctrlLedPwm                               0x08004b0d   Thumb Code    28  main.o(i.ctrlLedPwm)
    delay_ms                                 0x08004b2d   Thumb Code    18  delay.o(i.delay_ms)
    delay_us                                 0x08004b41   Thumb Code    44  delay.o(i.delay_us)
    displayOfCollectedData                   0x08004b79   Thumb Code  1296  main.o(i.displayOfCollectedData)
    getGasFanGrade                           0x0800508d   Thumb Code    36  main.o(i.getGasFanGrade)
    limitSaveDataRange                       0x080050b1   Thumb Code   118  main.o(i.limitSaveDataRange)
    $Super$$main                             0x0800512d   Thumb Code  2672  main.o(i.main)
    scanKeyAnddealKey                        0x08005bf1   Thumb Code   656  main.o(i.scanKeyAnddealKey)
    _get_lc_numeric                          0x08005e8d   Thumb Code    44  lc_numeric_c.o(locale$$code)
    _get_lc_ctype                            0x08005eb9   Thumb Code    44  lc_ctype_c.o(locale$$code)
    __aeabi_ddiv                             0x08005ee5   Thumb Code     0  ddiv.o(x$fpl$ddiv)
    _ddiv                                    0x08005ee5   Thumb Code   552  ddiv.o(x$fpl$ddiv)
    __aeabi_d2iz                             0x08006195   Thumb Code     0  dfix.o(x$fpl$dfix)
    _dfix                                    0x08006195   Thumb Code    94  dfix.o(x$fpl$dfix)
    __aeabi_d2uiz                            0x080061f5   Thumb Code     0  dfixu.o(x$fpl$dfixu)
    _dfixu                                   0x080061f5   Thumb Code    90  dfixu.o(x$fpl$dfixu)
    __aeabi_dmul                             0x08006251   Thumb Code     0  dmul.o(x$fpl$dmul)
    _dmul                                    0x08006251   Thumb Code   332  dmul.o(x$fpl$dmul)
    __fpl_dnaninf                            0x080063a5   Thumb Code   156  dnaninf.o(x$fpl$dnaninf)
    __fpl_dretinf                            0x08006441   Thumb Code    12  dretinf.o(x$fpl$dretinf)
    __aeabi_f2d                              0x0800644d   Thumb Code     0  f2d.o(x$fpl$f2d)
    _f2d                                     0x0800644d   Thumb Code    86  f2d.o(x$fpl$f2d)
    __aeabi_fadd                             0x080064a5   Thumb Code     0  faddsub_clz.o(x$fpl$fadd)
    _fadd                                    0x080064a5   Thumb Code   196  faddsub_clz.o(x$fpl$fadd)
    __fpl_fcmp_Inf                           0x08006569   Thumb Code    24  fcmpi.o(x$fpl$fcmpinf)
    __aeabi_fdiv                             0x08006581   Thumb Code     0  fdiv.o(x$fpl$fdiv)
    _fdiv                                    0x08006581   Thumb Code   384  fdiv.o(x$fpl$fdiv)
    __aeabi_cfcmpeq                          0x08006705   Thumb Code     0  feqf.o(x$fpl$feqf)
    _fcmpeq                                  0x08006705   Thumb Code   104  feqf.o(x$fpl$feqf)
    __aeabi_f2uiz                            0x0800676d   Thumb Code     0  ffixu.o(x$fpl$ffixu)
    _ffixu                                   0x0800676d   Thumb Code    62  ffixu.o(x$fpl$ffixu)
    __aeabi_i2f                              0x080067ad   Thumb Code     0  fflt_clz.o(x$fpl$fflt)
    _fflt                                    0x080067ad   Thumb Code    48  fflt_clz.o(x$fpl$fflt)
    __aeabi_ui2f                             0x080067dd   Thumb Code     0  fflt_clz.o(x$fpl$ffltu)
    _ffltu                                   0x080067dd   Thumb Code    38  fflt_clz.o(x$fpl$ffltu)
    __aeabi_cfcmple                          0x08006805   Thumb Code     0  fleqf.o(x$fpl$fleqf)
    _fcmple                                  0x08006805   Thumb Code   104  fleqf.o(x$fpl$fleqf)
    __fpl_fcmple_InfNaN                      0x08006857   Thumb Code     0  fleqf.o(x$fpl$fleqf)
    __aeabi_fmul                             0x0800686d   Thumb Code     0  fmul.o(x$fpl$fmul)
    _fmul                                    0x0800686d   Thumb Code   258  fmul.o(x$fpl$fmul)
    __fpl_fnaninf                            0x0800696f   Thumb Code   140  fnaninf.o(x$fpl$fnaninf)
    __fpl_fretinf                            0x080069fb   Thumb Code    10  fretinf.o(x$fpl$fretinf)
    __aeabi_cfrcmple                         0x08006a05   Thumb Code     0  frleqf.o(x$fpl$frleqf)
    _frcmple                                 0x08006a05   Thumb Code    98  frleqf.o(x$fpl$frleqf)
    __aeabi_frsub                            0x08006a67   Thumb Code     0  faddsub_clz.o(x$fpl$frsb)
    _frsb                                    0x08006a67   Thumb Code    20  faddsub_clz.o(x$fpl$frsb)
    __aeabi_fsub                             0x08006a7d   Thumb Code     0  faddsub_clz.o(x$fpl$fsub)
    _fsub                                    0x08006a7d   Thumb Code   234  faddsub_clz.o(x$fpl$fsub)
    _printf_fp_dec                           0x08006b67   Thumb Code     4  printf1.o(x$fpl$printf1)
    __I$use$fp                               0x08006b6a   Number         0  usenofp.o(x$fpl$usenofp)
    tfont16                                  0x08007090   Data          34  my_lcd_spi_gui.o(.constdata)
    tfont24                                  0x080070b2   Data          74  my_lcd_spi_gui.o(.constdata)
    tfont32                                  0x080070fc   Data         130  my_lcd_spi_gui.o(.constdata)
    Region$$Table$$Base                      0x08007cd8   Number         0  anon$$obj.o(Region$$Table)
    Region$$Table$$Limit                     0x08007cf8   Number         0  anon$$obj.o(Region$$Table)
    __ctype                                  0x08007d21   Data           0  lc_ctype_c.o(locale$$data)
    yPlace                                   0x20000000   Data           2  main.o(.data)
    makeSureLinkCount                        0x20000002   Data           1  main.o(.data)
    saveData                                 0x20000004   Data          20  main.o(.data)
    setFlag                                  0x20000018   Data           1  main.o(.data)
    i                                        0x2000001c   Data           4  main.o(.data)
    needWriteFlash                           0x20000020   Data           1  main.o(.data)
    nowTemp                                  0x20000024   Data           4  main.o(.data)
    sensorVal                                0x20000028   Data           2  main.o(.data)
    lightVal                                 0x2000002a   Data           2  main.o(.data)
    adcx                                     0x2000002c   Data           2  main.o(.data)
    gasFanGrade                              0x2000002e   Data           1  main.o(.data)
    fanPwmOut                                0x2000002f   Data           1  main.o(.data)
    bjFlag                                   0x20000030   Data           1  main.o(.data)
    readFlag                                 0x20000031   Data           1  main.o(.data)
    startCheckWireLess                       0x20000032   Data           1  main.o(.data)
    wirelessFlag                             0x20000033   Data           1  main.o(.data)
    tel                                      0x20000034   Data           4  main.o(.data)
    gsmReportDelay                           0x20000038   Data           4  main.o(.data)
    FRONT_COLOR                              0x20000052   Data           2  my_lcd_spi.o(.data)
    BACK_COLOR                               0x20000054   Data           2  my_lcd_spi.o(.data)
    DeviceCode                               0x20000056   Data           2  my_lcd_spi.o(.data)
    LCD_HMI_UARTx                            0x20000058   Data           4  my_lcd_hmi.o(.data)
    Pwm_Per                                  0x20000060   Data           8  my_pwm.o(.data)
    mySendFlag_tick                          0x20000078   Data           1  my_systick.o(.data)
    myReadFlag_tick                          0x20000079   Data           1  my_systick.o(.data)
    SystemCoreClock                          0x20000080   Data           4  system_stm32f10x.o(.data)
    AHBPrescTable                            0x20000084   Data          16  system_stm32f10x.o(.data)
    dis0                                     0x200000a8   Data         128  main.o(.bss)
    dis1                                     0x20000128   Data          32  main.o(.bss)
    lcddev                                   0x20000148   Data          16  my_lcd_spi.o(.bss)
    lcdHmiMsg                                0x20000158   Data          68  my_lcd_hmi.o(.bss)
    buffer_flash                             0x2000019c   Data        1024  my_stmflash.o(.bss)
    ledBlink                                 0x200005b4   Data          80  my_ledblink.o(.bss)
    uartMsg                                  0x20000604   Data         102  my_uart_msg.o(.bss)
    __libspace_start                         0x2000066c   Data          96  libspace.o(.bss)
    __temporary_stack_top$libspace           0x200006cc   Data           0  libspace.o(.bss)



==============================================================================

Memory Map of the image

  Image Entry point : 0x08000131

  Load Region LR_IROM1 (Base: 0x08000000, Size: 0x00007ecc, Max: 0x00010000, ABSOLUTE)

    Execution Region ER_IROM1 (Exec base: 0x08000000, Load base: 0x08000000, Size: 0x00007e24, Max: 0x00010000, ABSOLUTE)

    Exec Addr    Load Addr    Size         Type   Attr      Idx    E Section Name        Object

    0x08000000   0x08000000   0x00000130   Data   RO         1599    RESET               startup_stm32f10x_hd.o
    0x08000130   0x08000130   0x00000008   Code   RO         4943  * !!!main             c_w.l(__main.o)
    0x08000138   0x08000138   0x00000034   Code   RO         5289    !!!scatter          c_w.l(__scatter.o)
    0x0800016c   0x0800016c   0x0000001a   Code   RO         5291    !!handler_copy      c_w.l(__scatter_copy.o)
    0x08000186   0x08000186   0x00000002   PAD
    0x08000188   0x08000188   0x0000001c   Code   RO         5293    !!handler_zi        c_w.l(__scatter_zi.o)
    0x080001a4   0x080001a4   0x00000000   Code   RO         4934    .ARM.Collect$$_printf_percent$$00000000  c_w.l(_printf_percent.o)
    0x080001a4   0x080001a4   0x00000006   Code   RO         5051    .ARM.Collect$$_printf_percent$$00000001  c_w.l(_printf_n.o)
    0x080001aa   0x080001aa   0x00000006   Code   RO         5053    .ARM.Collect$$_printf_percent$$00000002  c_w.l(_printf_p.o)
    0x080001b0   0x080001b0   0x00000006   Code   RO         4933    .ARM.Collect$$_printf_percent$$00000003  c_w.l(_printf_f.o)
    0x080001b6   0x080001b6   0x00000006   Code   RO         5057    .ARM.Collect$$_printf_percent$$00000004  c_w.l(_printf_e.o)
    0x080001bc   0x080001bc   0x00000006   Code   RO         5058    .ARM.Collect$$_printf_percent$$00000005  c_w.l(_printf_g.o)
    0x080001c2   0x080001c2   0x00000006   Code   RO         5059    .ARM.Collect$$_printf_percent$$00000006  c_w.l(_printf_a.o)
    0x080001c8   0x080001c8   0x0000000a   Code   RO         5064    .ARM.Collect$$_printf_percent$$00000007  c_w.l(_printf_ll.o)
    0x080001d2   0x080001d2   0x00000006   Code   RO         5055    .ARM.Collect$$_printf_percent$$00000008  c_w.l(_printf_i.o)
    0x080001d8   0x080001d8   0x00000006   Code   RO         4932    .ARM.Collect$$_printf_percent$$00000009  c_w.l(_printf_d.o)
    0x080001de   0x080001de   0x00000006   Code   RO         5056    .ARM.Collect$$_printf_percent$$0000000A  c_w.l(_printf_u.o)
    0x080001e4   0x080001e4   0x00000006   Code   RO         5054    .ARM.Collect$$_printf_percent$$0000000B  c_w.l(_printf_o.o)
    0x080001ea   0x080001ea   0x00000006   Code   RO         5052    .ARM.Collect$$_printf_percent$$0000000C  c_w.l(_printf_x.o)
    0x080001f0   0x080001f0   0x00000006   Code   RO         5061    .ARM.Collect$$_printf_percent$$0000000D  c_w.l(_printf_lli.o)
    0x080001f6   0x080001f6   0x00000006   Code   RO         5062    .ARM.Collect$$_printf_percent$$0000000E  c_w.l(_printf_lld.o)
    0x080001fc   0x080001fc   0x00000006   Code   RO         5063    .ARM.Collect$$_printf_percent$$0000000F  c_w.l(_printf_llu.o)
    0x08000202   0x08000202   0x00000006   Code   RO         5068    .ARM.Collect$$_printf_percent$$00000010  c_w.l(_printf_llo.o)
    0x08000208   0x08000208   0x00000006   Code   RO         5069    .ARM.Collect$$_printf_percent$$00000011  c_w.l(_printf_llx.o)
    0x0800020e   0x0800020e   0x0000000a   Code   RO         5065    .ARM.Collect$$_printf_percent$$00000012  c_w.l(_printf_l.o)
    0x08000218   0x08000218   0x00000006   Code   RO         5050    .ARM.Collect$$_printf_percent$$00000013  c_w.l(_printf_c.o)
    0x0800021e   0x0800021e   0x00000006   Code   RO         4931    .ARM.Collect$$_printf_percent$$00000014  c_w.l(_printf_s.o)
    0x08000224   0x08000224   0x00000006   Code   RO         5066    .ARM.Collect$$_printf_percent$$00000015  c_w.l(_printf_lc.o)
    0x0800022a   0x0800022a   0x00000006   Code   RO         5067    .ARM.Collect$$_printf_percent$$00000016  c_w.l(_printf_ls.o)
    0x08000230   0x08000230   0x00000004   Code   RO         5060    .ARM.Collect$$_printf_percent$$00000017  c_w.l(_printf_percent_end.o)
    0x08000234   0x08000234   0x00000002   Code   RO         5163    .ARM.Collect$$libinit$$00000000  c_w.l(libinit.o)
    0x08000236   0x08000236   0x00000000   Code   RO         5165    .ARM.Collect$$libinit$$00000002  c_w.l(libinit2.o)
    0x08000236   0x08000236   0x00000000   Code   RO         5167    .ARM.Collect$$libinit$$00000004  c_w.l(libinit2.o)
    0x08000236   0x08000236   0x00000000   Code   RO         5170    .ARM.Collect$$libinit$$0000000A  c_w.l(libinit2.o)
    0x08000236   0x08000236   0x00000000   Code   RO         5172    .ARM.Collect$$libinit$$0000000C  c_w.l(libinit2.o)
    0x08000236   0x08000236   0x00000000   Code   RO         5174    .ARM.Collect$$libinit$$0000000E  c_w.l(libinit2.o)
    0x08000236   0x08000236   0x00000006   Code   RO         5175    .ARM.Collect$$libinit$$0000000F  c_w.l(libinit2.o)
    0x0800023c   0x0800023c   0x00000000   Code   RO         5177    .ARM.Collect$$libinit$$00000011  c_w.l(libinit2.o)
    0x0800023c   0x0800023c   0x0000000c   Code   RO         5178    .ARM.Collect$$libinit$$00000012  c_w.l(libinit2.o)
    0x08000248   0x08000248   0x00000000   Code   RO         5179    .ARM.Collect$$libinit$$00000013  c_w.l(libinit2.o)
    0x08000248   0x08000248   0x00000000   Code   RO         5181    .ARM.Collect$$libinit$$00000015  c_w.l(libinit2.o)
    0x08000248   0x08000248   0x0000000a   Code   RO         5182    .ARM.Collect$$libinit$$00000016  c_w.l(libinit2.o)
    0x08000252   0x08000252   0x00000000   Code   RO         5183    .ARM.Collect$$libinit$$00000017  c_w.l(libinit2.o)
    0x08000252   0x08000252   0x00000000   Code   RO         5185    .ARM.Collect$$libinit$$00000019  c_w.l(libinit2.o)
    0x08000252   0x08000252   0x00000000   Code   RO         5187    .ARM.Collect$$libinit$$0000001B  c_w.l(libinit2.o)
    0x08000252   0x08000252   0x00000000   Code   RO         5189    .ARM.Collect$$libinit$$0000001D  c_w.l(libinit2.o)
    0x08000252   0x08000252   0x00000000   Code   RO         5191    .ARM.Collect$$libinit$$0000001F  c_w.l(libinit2.o)
    0x08000252   0x08000252   0x00000000   Code   RO         5193    .ARM.Collect$$libinit$$00000021  c_w.l(libinit2.o)
    0x08000252   0x08000252   0x00000000   Code   RO         5195    .ARM.Collect$$libinit$$00000023  c_w.l(libinit2.o)
    0x08000252   0x08000252   0x00000000   Code   RO         5197    .ARM.Collect$$libinit$$00000025  c_w.l(libinit2.o)
    0x08000252   0x08000252   0x00000000   Code   RO         5201    .ARM.Collect$$libinit$$0000002C  c_w.l(libinit2.o)
    0x08000252   0x08000252   0x00000000   Code   RO         5203    .ARM.Collect$$libinit$$0000002E  c_w.l(libinit2.o)
    0x08000252   0x08000252   0x00000000   Code   RO         5205    .ARM.Collect$$libinit$$00000030  c_w.l(libinit2.o)
    0x08000252   0x08000252   0x00000000   Code   RO         5207    .ARM.Collect$$libinit$$00000032  c_w.l(libinit2.o)
    0x08000252   0x08000252   0x00000002   Code   RO         5208    .ARM.Collect$$libinit$$00000033  c_w.l(libinit2.o)
    0x08000254   0x08000254   0x00000002   Code   RO         5239    .ARM.Collect$$libshutdown$$00000000  c_w.l(libshutdown.o)
    0x08000256   0x08000256   0x00000000   Code   RO         5248    .ARM.Collect$$libshutdown$$00000002  c_w.l(libshutdown2.o)
    0x08000256   0x08000256   0x00000000   Code   RO         5250    .ARM.Collect$$libshutdown$$00000004  c_w.l(libshutdown2.o)
    0x08000256   0x08000256   0x00000000   Code   RO         5253    .ARM.Collect$$libshutdown$$00000007  c_w.l(libshutdown2.o)
    0x08000256   0x08000256   0x00000000   Code   RO         5256    .ARM.Collect$$libshutdown$$0000000A  c_w.l(libshutdown2.o)
    0x08000256   0x08000256   0x00000000   Code   RO         5258    .ARM.Collect$$libshutdown$$0000000C  c_w.l(libshutdown2.o)
    0x08000256   0x08000256   0x00000000   Code   RO         5261    .ARM.Collect$$libshutdown$$0000000F  c_w.l(libshutdown2.o)
    0x08000256   0x08000256   0x00000002   Code   RO         5262    .ARM.Collect$$libshutdown$$00000010  c_w.l(libshutdown2.o)
    0x08000258   0x08000258   0x00000000   Code   RO         5003    .ARM.Collect$$rtentry$$00000000  c_w.l(__rtentry.o)
    0x08000258   0x08000258   0x00000000   Code   RO         5086    .ARM.Collect$$rtentry$$00000002  c_w.l(__rtentry2.o)
    0x08000258   0x08000258   0x00000006   Code   RO         5098    .ARM.Collect$$rtentry$$00000004  c_w.l(__rtentry4.o)
    0x0800025e   0x0800025e   0x00000000   Code   RO         5088    .ARM.Collect$$rtentry$$00000009  c_w.l(__rtentry2.o)
    0x0800025e   0x0800025e   0x00000004   Code   RO         5089    .ARM.Collect$$rtentry$$0000000A  c_w.l(__rtentry2.o)
    0x08000262   0x08000262   0x00000000   Code   RO         5091    .ARM.Collect$$rtentry$$0000000C  c_w.l(__rtentry2.o)
    0x08000262   0x08000262   0x00000008   Code   RO         5092    .ARM.Collect$$rtentry$$0000000D  c_w.l(__rtentry2.o)
    0x0800026a   0x0800026a   0x00000002   Code   RO         5209    .ARM.Collect$$rtexit$$00000000  c_w.l(rtexit.o)
    0x0800026c   0x0800026c   0x00000000   Code   RO         5219    .ARM.Collect$$rtexit$$00000002  c_w.l(rtexit2.o)
    0x0800026c   0x0800026c   0x00000004   Code   RO         5220    .ARM.Collect$$rtexit$$00000003  c_w.l(rtexit2.o)
    0x08000270   0x08000270   0x00000006   Code   RO         5221    .ARM.Collect$$rtexit$$00000004  c_w.l(rtexit2.o)
    0x08000276   0x08000276   0x00000002   PAD
    0x08000278   0x08000278   0x00000040   Code   RO         1600    .text               startup_stm32f10x_hd.o
    0x080002b8   0x080002b8   0x00000002   Code   RO         4895    .text               c_w.l(use_no_semi_2.o)
    0x080002ba   0x080002ba   0x00000002   PAD
    0x080002bc   0x080002bc   0x00000024   Code   RO         4897    .text               c_w.l(c89vsprintf.o)
    0x080002e0   0x080002e0   0x0000002c   Code   RO         4899    .text               c_w.l(__2sprintf.o)
    0x0800030c   0x0800030c   0x0000004e   Code   RO         4905    .text               c_w.l(_printf_pad.o)
    0x0800035a   0x0800035a   0x00000052   Code   RO         4907    .text               c_w.l(_printf_str.o)
    0x080003ac   0x080003ac   0x00000078   Code   RO         4909    .text               c_w.l(_printf_dec.o)
    0x08000424   0x08000424   0x00000188   Code   RO         4928    .text               c_w.l(__printf_flags_ss_wp.o)
    0x080005ac   0x080005ac   0x00000024   Code   RO         4935    .text               c_w.l(strstr.o)
    0x080005d0   0x080005d0   0x00000044   Code   RO         4939    .text               c_w.l(rt_memclr.o)
    0x08000614   0x08000614   0x00000006   Code   RO         4941    .text               c_w.l(heapauxi.o)
    0x0800061a   0x0800061a   0x00000002   Code   RO         5001    .text               c_w.l(use_no_semi.o)
    0x0800061c   0x0800061c   0x00000024   Code   RO         5004    .text               c_w.l(_printf_truncate.o)
    0x08000640   0x08000640   0x000000b2   Code   RO         5006    .text               c_w.l(_printf_intcommon.o)
    0x080006f2   0x080006f2   0x00000028   Code   RO         5008    .text               c_w.l(_printf_charcount.o)
    0x0800071a   0x0800071a   0x0000041e   Code   RO         5010    .text               c_w.l(_printf_fp_dec.o)
    0x08000b38   0x08000b38   0x00000030   Code   RO         5012    .text               c_w.l(_printf_char_common.o)
    0x08000b68   0x08000b68   0x0000000a   Code   RO         5014    .text               c_w.l(_sputc.o)
    0x08000b72   0x08000b72   0x0000002c   Code   RO         5016    .text               c_w.l(_printf_char.o)
    0x08000b9e   0x08000b9e   0x00000002   PAD
    0x08000ba0   0x08000ba0   0x000000bc   Code   RO         5018    .text               c_w.l(_printf_wctomb.o)
    0x08000c5c   0x08000c5c   0x0000007c   Code   RO         5021    .text               c_w.l(_printf_longlong_dec.o)
    0x08000cd8   0x08000cd8   0x00000070   Code   RO         5027    .text               c_w.l(_printf_oct_int_ll.o)
    0x08000d48   0x08000d48   0x00000094   Code   RO         5047    .text               c_w.l(_printf_hex_int_ll_ptr.o)
    0x08000ddc   0x08000ddc   0x0000004e   Code   RO         5070    .text               c_w.l(rt_memclr_w.o)
    0x08000e2a   0x08000e2a   0x00000002   PAD
    0x08000e2c   0x08000e2c   0x00000008   Code   RO         5103    .text               c_w.l(rt_locale_intlibspace.o)
    0x08000e34   0x08000e34   0x0000008a   Code   RO         5105    .text               c_w.l(lludiv10.o)
    0x08000ebe   0x08000ebe   0x00000002   PAD
    0x08000ec0   0x08000ec0   0x00000080   Code   RO         5107    .text               c_w.l(_printf_fp_infnan.o)
    0x08000f40   0x08000f40   0x0000002c   Code   RO         5111    .text               c_w.l(_printf_wchar.o)
    0x08000f6c   0x08000f6c   0x000000e4   Code   RO         5113    .text               c_w.l(bigflt0.o)
    0x08001050   0x08001050   0x00000040   Code   RO         5138    .text               c_w.l(_wcrtomb.o)
    0x08001090   0x08001090   0x00000008   Code   RO         5147    .text               c_w.l(libspace.o)
    0x08001098   0x08001098   0x0000004a   Code   RO         5150    .text               c_w.l(sys_stackheap_outer.o)
    0x080010e2   0x080010e2   0x00000002   PAD
    0x080010e4   0x080010e4   0x00000010   Code   RO         5152    .text               c_w.l(rt_ctype_table.o)
    0x080010f4   0x080010f4   0x00000012   Code   RO         5154    .text               c_w.l(exit.o)
    0x08001106   0x08001106   0x00000002   PAD
    0x08001108   0x08001108   0x00000080   Code   RO         5156    .text               c_w.l(strcmpv7m.o)
    0x08001188   0x08001188   0x0000003e   Code   RO         5116    CL$$btod_d2e        c_w.l(btod.o)
    0x080011c6   0x080011c6   0x00000046   Code   RO         5118    CL$$btod_d2e_denorm_low  c_w.l(btod.o)
    0x0800120c   0x0800120c   0x00000060   Code   RO         5117    CL$$btod_d2e_norm_op1  c_w.l(btod.o)
    0x0800126c   0x0800126c   0x00000338   Code   RO         5126    CL$$btod_div_common  c_w.l(btod.o)
    0x080015a4   0x080015a4   0x000000dc   Code   RO         5123    CL$$btod_e2e        c_w.l(btod.o)
    0x08001680   0x08001680   0x0000002a   Code   RO         5120    CL$$btod_ediv       c_w.l(btod.o)
    0x080016aa   0x080016aa   0x0000002a   Code   RO         5119    CL$$btod_emul       c_w.l(btod.o)
    0x080016d4   0x080016d4   0x00000244   Code   RO         5125    CL$$btod_mult_common  c_w.l(btod.o)
    0x08001918   0x08001918   0x00000016   Code   RO          335    i.$Sub$$main        my_board.o
    0x0800192e   0x0800192e   0x00000016   Code   RO         2237    i.ADC_Cmd           stm32f10x_adc.o
    0x08001944   0x08001944   0x00000016   Code   RO         2238    i.ADC_DMACmd        stm32f10x_adc.o
    0x0800195a   0x0800195a   0x00000002   PAD
    0x0800195c   0x0800195c   0x0000005c   Code   RO         2239    i.ADC_DeInit        stm32f10x_adc.o
    0x080019b8   0x080019b8   0x00000014   Code   RO         2245    i.ADC_GetCalibrationStatus  stm32f10x_adc.o
    0x080019cc   0x080019cc   0x00000008   Code   RO         2246    i.ADC_GetConversionValue  stm32f10x_adc.o
    0x080019d4   0x080019d4   0x00000012   Code   RO         2248    i.ADC_GetFlagStatus  stm32f10x_adc.o
    0x080019e6   0x080019e6   0x00000014   Code   RO         2251    i.ADC_GetResetCalibrationStatus  stm32f10x_adc.o
    0x080019fa   0x080019fa   0x00000002   PAD
    0x080019fc   0x080019fc   0x00000050   Code   RO         2255    i.ADC_Init          stm32f10x_adc.o
    0x08001a4c   0x08001a4c   0x000000b8   Code   RO         2259    i.ADC_RegularChannelConfig  stm32f10x_adc.o
    0x08001b04   0x08001b04   0x0000000a   Code   RO         2260    i.ADC_ResetCalibration  stm32f10x_adc.o
    0x08001b0e   0x08001b0e   0x00000016   Code   RO         2262    i.ADC_SoftwareStartConvCmd  stm32f10x_adc.o
    0x08001b24   0x08001b24   0x0000000a   Code   RO         2264    i.ADC_StartCalibration  stm32f10x_adc.o
    0x08001b2e   0x08001b2e   0x00000002   PAD
    0x08001b30   0x08001b30   0x0000000c   Code   RO         3154    i.BKP_TamperPinCmd  stm32f10x_bkp.o
    0x08001b3c   0x08001b3c   0x00000004   Code   RO            4    i.BusFault_Handler  stm32f10x_it.o
    0x08001b40   0x08001b40   0x00000028   Code   RO         1198    i.DWT_Init          delay.o
    0x08001b68   0x08001b68   0x00000002   Code   RO            5    i.DebugMon_Handler  stm32f10x_it.o
    0x08001b6a   0x08001b6a   0x00000002   PAD
    0x08001b6c   0x08001b6c   0x0000004c   Code   RO         3773    i.FLASH_ErasePage   stm32f10x_flash.o
    0x08001bb8   0x08001bb8   0x00000034   Code   RO         3774    i.FLASH_GetBank1Status  stm32f10x_flash.o
    0x08001bec   0x08001bec   0x00000040   Code   RO         3786    i.FLASH_ProgramHalfWord  stm32f10x_flash.o
    0x08001c2c   0x08001c2c   0x00000018   Code   RO         3791    i.FLASH_Unlock      stm32f10x_flash.o
    0x08001c44   0x08001c44   0x00000026   Code   RO         3795    i.FLASH_WaitForLastOperation  stm32f10x_flash.o
    0x08001c6a   0x08001c6a   0x00000116   Code   RO         1659    i.GPIO_Init         stm32f10x_gpio.o
    0x08001d80   0x08001d80   0x00000090   Code   RO         1661    i.GPIO_PinRemapConfig  stm32f10x_gpio.o
    0x08001e10   0x08001e10   0x000000c0   Code   RO         1337    i.GPIO_Pin_Init     mygpio.o
    0x08001ed0   0x08001ed0   0x00000004   Code   RO            6    i.HardFault_Handler  stm32f10x_it.o
    0x08001ed4   0x08001ed4   0x0000002c   Code   RO          393    i.KeyIsPress        my_key.o
    0x08001f00   0x08001f00   0x00000048   Code   RO          486    i.LCD_Clear         my_lcd_spi.o
    0x08001f48   0x08001f48   0x00000028   Code   RO          487    i.LCD_DCET          my_lcd_spi.o
    0x08001f70   0x08001f70   0x0000008a   Code   RO          600    i.LCD_DrawMatrixCode  my_lcd_spi_gui.o
    0x08001ffa   0x08001ffa   0x00000002   PAD
    0x08001ffc   0x08001ffc   0x0000001c   Code   RO          488    i.LCD_DrawPoint     my_lcd_spi.o
    0x08002018   0x08002018   0x00000020   Code   RO          489    i.LCD_GPIOInit      my_lcd_spi.o
    0x08002038   0x08002038   0x00000020   Code   RO          607    i.LCD_GetPos_X      my_lcd_spi_gui.o
    0x08002058   0x08002058   0x0000001c   Code   RO          608    i.LCD_GetPos_Y      my_lcd_spi_gui.o
    0x08002074   0x08002074   0x00000234   Code   RO          490    i.LCD_Init          my_lcd_spi.o
    0x080022a8   0x080022a8   0x00000064   Code   RO          610    i.LCD_ScanLine_Byte  my_lcd_spi_gui.o
    0x0800230c   0x0800230c   0x00000014   Code   RO          491    i.LCD_SetCursor     my_lcd_spi.o
    0x08002320   0x08002320   0x0000006c   Code   RO          492    i.LCD_SetWindows    my_lcd_spi.o
    0x0800238c   0x0800238c   0x000000b4   Code   RO          611    i.LCD_ShowChar      my_lcd_spi_gui.o
    0x08002440   0x08002440   0x000000cc   Code   RO          612    i.LCD_ShowChinese   my_lcd_spi_gui.o
    0x0800250c   0x0800250c   0x00000076   Code   RO          614    i.LCD_ShowString    my_lcd_spi_gui.o
    0x08002582   0x08002582   0x00000002   PAD
    0x08002584   0x08002584   0x00000028   Code   RO          493    i.LCD_WR_DATA       my_lcd_spi.o
    0x080025ac   0x080025ac   0x00000028   Code   RO          494    i.LCD_WR_REG        my_lcd_spi.o
    0x080025d4   0x080025d4   0x00000030   Code   RO          495    i.LCD_WriteData_16Bit  my_lcd_spi.o
    0x08002604   0x08002604   0x00000010   Code   RO          496    i.LCD_WriteRAM_Prepare  my_lcd_spi.o
    0x08002614   0x08002614   0x00000014   Code   RO          497    i.LCD_WriteReg      my_lcd_spi.o
    0x08002628   0x08002628   0x00000090   Code   RO          498    i.LCD_direction     my_lcd_spi.o
    0x080026b8   0x080026b8   0x00000004   Code   RO            7    i.MemManage_Handler  stm32f10x_it.o
    0x080026bc   0x080026bc   0x00000080   Code   RO          769    i.My_ADC_GetADCChannel  my_adc.o
    0x0800273c   0x0800273c   0x00000030   Code   RO          773    i.My_ADC_GetValue   my_adc.o
    0x0800276c   0x0800276c   0x00000012   Code   RO          775    i.My_ADC_Init       my_adc.o
    0x0800277e   0x0800277e   0x00000002   PAD
    0x08002780   0x08002780   0x00000104   Code   RO          776    i.My_ADC_PreInit    my_adc.o
    0x08002884   0x08002884   0x000000a4   Code   RO          837    i.My_DS18B20_Check  my_ds18b20.o
    0x08002928   0x08002928   0x000000b8   Code   RO          838    i.My_DS18B20_GetTemp  my_ds18b20.o
    0x080029e0   0x080029e0   0x0000004c   Code   RO          839    i.My_DS18B20_Init   my_ds18b20.o
    0x08002a2c   0x08002a2c   0x000000c0   Code   RO          840    i.My_DS18B20_Read_Bit  my_ds18b20.o
    0x08002aec   0x08002aec   0x0000002a   Code   RO          841    i.My_DS18B20_Read_Byte  my_ds18b20.o
    0x08002b16   0x08002b16   0x00000002   PAD
    0x08002b18   0x08002b18   0x0000007c   Code   RO          842    i.My_DS18B20_Rst    my_ds18b20.o
    0x08002b94   0x08002b94   0x00000022   Code   RO          843    i.My_DS18B20_Start  my_ds18b20.o
    0x08002bb6   0x08002bb6   0x00000002   PAD
    0x08002bb8   0x08002bb8   0x00000108   Code   RO          844    i.My_DS18B20_Write_Byte  my_ds18b20.o
    0x08002cc0   0x08002cc0   0x00000038   Code   RO          616    i.My_Font_GetCodeSize_ASCII  my_lcd_spi_gui.o
    0x08002cf8   0x08002cf8   0x0000002c   Code   RO          617    i.My_Font_GetCodeSize_CH  my_lcd_spi_gui.o
    0x08002d24   0x08002d24   0x00000030   Code   RO          397    i.My_KEY_Init       my_key.o
    0x08002d54   0x08002d54   0x00000068   Code   RO          398    i.My_KeyReadState   my_key.o
    0x08002dbc   0x08002dbc   0x00000038   Code   RO          399    i.My_KeyScan        my_key.o
    0x08002df4   0x08002df4   0x00000090   Code   RO         1105    i.My_LEDBlink       my_ledblink.o
    0x08002e84   0x08002e84   0x00000248   Code   RO         1106    i.My_LEDBlinkProcess  my_ledblink.o
    0x080030cc   0x080030cc   0x00000064   Code   RO          367    i.My_LED_Init       my_led.o
    0x08003130   0x08003130   0x0000008c   Code   RO          905    i.My_LcdHmiMessage_Process  my_lcd_hmi.o
    0x080031bc   0x080031bc   0x000000c8   Code   RO          906    i.My_LcdHmiMessage_StateMachine  my_lcd_hmi.o
    0x08003284   0x08003284   0x00000018   Code   RO          907    i.My_LcdHmi_Init    my_lcd_hmi.o
    0x0800329c   0x0800329c   0x000000c4   Code   RO         1145    i.My_MLDC4G_Init    my_mldc4g_xd.o
    0x08003360   0x08003360   0x000000b4   Code   RO         1147    i.My_MLDC4G_SendSMS  my_mldc4g_xd.o
    0x08003414   0x08003414   0x0000001c   Code   RO          953    i.My_PWM_Init       my_pwm.o
    0x08003430   0x08003430   0x00000250   Code   RO          954    i.My_PWM_PreInit    my_pwm.o
    0x08003680   0x08003680   0x00000114   Code   RO          955    i.My_PWM_SetDuty    my_pwm.o
    0x08003794   0x08003794   0x00000006   Code   RO         1001    i.My_STMFlash_ReadHalfWord  my_stmflash.o
    0x0800379a   0x0800379a   0x00000002   PAD
    0x0800379c   0x0800379c   0x000000e0   Code   RO         1003    i.My_STMFlash_ReadSectorSave  my_stmflash.o
    0x0800387c   0x0800387c   0x000000a0   Code   RO         1006    i.My_STMFlash_SaveUseSector  my_stmflash.o
    0x0800391c   0x0800391c   0x00000060   Code   RO         1007    i.My_STMFlash_SectorSaveInit  my_stmflash.o
    0x0800397c   0x0800397c   0x00000032   Code   RO         1010    i.My_STMFlash_WriteHalfWord_NoCheck  my_stmflash.o
    0x080039ae   0x080039ae   0x00000002   PAD
    0x080039b0   0x080039b0   0x0000000c   Code   RO         1381    i.My_SysTick_GetTicks  my_systick.o
    0x080039bc   0x080039bc   0x00000060   Code   RO         1383    i.My_SysTick_Init   my_systick.o
    0x08003a1c   0x08003a1c   0x00000118   Code   RO         1243    i.My_USART_Init     usart.o
    0x08003b34   0x08003b34   0x0000001c   Code   RO         1244    i.My_USART_SendByte  usart.o
    0x08003b50   0x08003b50   0x00000020   Code   RO         1245    i.My_USART_SendBytes  usart.o
    0x08003b70   0x08003b70   0x0000001a   Code   RO         1246    i.My_USART_SendString  usart.o
    0x08003b8a   0x08003b8a   0x0000002e   Code   RO         1247    i.My_USART_printf   usart.o
    0x08003bb8   0x08003bb8   0x0000008c   Code   RO         1434    i.My_UartMessage_Process  my_uart_msg.o
    0x08003c44   0x08003c44   0x000000c8   Code   RO         1436    i.My_UartMessage_StateMachine  my_uart_msg.o
    0x08003d0c   0x08003d0c   0x00000002   Code   RO            8    i.NMI_Handler       stm32f10x_it.o
    0x08003d0e   0x08003d0e   0x0000000c   Code   RO          336    i.NVIC_Configuration  my_board.o
    0x08003d1a   0x08003d1a   0x00000002   PAD
    0x08003d1c   0x08003d1c   0x00000070   Code   RO         2183    i.NVIC_Init         misc.o
    0x08003d8c   0x08003d8c   0x00000014   Code   RO         2184    i.NVIC_PriorityGroupConfig  misc.o
    0x08003da0   0x08003da0   0x00000148   Code   RO          169    i.OnGetLcdHmiMessage  main.o
    0x08003ee8   0x08003ee8   0x000001a4   Code   RO          170    i.OnGetUartMessage  main.o
    0x0800408c   0x0800408c   0x0000000c   Code   RO         4302    i.PWR_BackupAccessCmd  stm32f10x_pwr.o
    0x08004098   0x08004098   0x00000044   Code   RO         1490    i.ParseInteger      my_sysdef.o
    0x080040dc   0x080040dc   0x00000002   Code   RO            9    i.PendSV_Handler    stm32f10x_it.o
    0x080040de   0x080040de   0x00000002   PAD
    0x080040e0   0x080040e0   0x00000018   Code   RO         1779    i.RCC_ADCCLKConfig  stm32f10x_rcc.o
    0x080040f8   0x080040f8   0x00000020   Code   RO         1781    i.RCC_APB1PeriphClockCmd  stm32f10x_rcc.o
    0x08004118   0x08004118   0x00000020   Code   RO         1782    i.RCC_APB1PeriphResetCmd  stm32f10x_rcc.o
    0x08004138   0x08004138   0x00000020   Code   RO         1783    i.RCC_APB2PeriphClockCmd  stm32f10x_rcc.o
    0x08004158   0x08004158   0x00000020   Code   RO         1784    i.RCC_APB2PeriphResetCmd  stm32f10x_rcc.o
    0x08004178   0x08004178   0x000000d4   Code   RO         1791    i.RCC_GetClocksFreq  stm32f10x_rcc.o
    0x0800424c   0x0800424c   0x00000040   Code   RO          499    i.SPIv_WriteData    my_lcd_spi.o
    0x0800428c   0x0800428c   0x00000002   Code   RO           10    i.SVC_Handler       stm32f10x_it.o
    0x0800428e   0x0800428e   0x00000008   Code   RO         1607    i.SetSysClock       system_stm32f10x.o
    0x08004296   0x08004296   0x00000002   PAD
    0x08004298   0x08004298   0x000000e0   Code   RO         1608    i.SetSysClockTo72   system_stm32f10x.o
    0x08004378   0x08004378   0x0000004c   Code   RO         1384    i.SysTick_Handler   my_systick.o
    0x080043c4   0x080043c4   0x00000060   Code   RO         1610    i.SystemInit        system_stm32f10x.o
    0x08004424   0x08004424   0x00000018   Code   RO         2469    i.TIM_ARRPreloadConfig  stm32f10x_tim.o
    0x0800443c   0x0800443c   0x00000018   Code   RO         2481    i.TIM_Cmd           stm32f10x_tim.o
    0x08004454   0x08004454   0x0000001e   Code   RO         2483    i.TIM_CtrlPWMOutputs  stm32f10x_tim.o
    0x08004472   0x08004472   0x00000002   PAD
    0x08004474   0x08004474   0x00000098   Code   RO         2510    i.TIM_OC1Init       stm32f10x_tim.o
    0x0800450c   0x0800450c   0x00000012   Code   RO         2513    i.TIM_OC1PreloadConfig  stm32f10x_tim.o
    0x0800451e   0x0800451e   0x00000002   PAD
    0x08004520   0x08004520   0x000000a4   Code   RO         2515    i.TIM_OC2Init       stm32f10x_tim.o
    0x080045c4   0x080045c4   0x0000001a   Code   RO         2518    i.TIM_OC2PreloadConfig  stm32f10x_tim.o
    0x080045de   0x080045de   0x00000002   PAD
    0x080045e0   0x080045e0   0x000000a0   Code   RO         2520    i.TIM_OC3Init       stm32f10x_tim.o
    0x08004680   0x08004680   0x00000012   Code   RO         2523    i.TIM_OC3PreloadConfig  stm32f10x_tim.o
    0x08004692   0x08004692   0x00000002   PAD
    0x08004694   0x08004694   0x0000007c   Code   RO         2525    i.TIM_OC4Init       stm32f10x_tim.o
    0x08004710   0x08004710   0x0000001a   Code   RO         2527    i.TIM_OC4PreloadConfig  stm32f10x_tim.o
    0x0800472a   0x0800472a   0x00000004   Code   RO         2542    i.TIM_SetCompare1   stm32f10x_tim.o
    0x0800472e   0x0800472e   0x00000004   Code   RO         2543    i.TIM_SetCompare2   stm32f10x_tim.o
    0x08004732   0x08004732   0x00000004   Code   RO         2544    i.TIM_SetCompare3   stm32f10x_tim.o
    0x08004736   0x08004736   0x00000006   Code   RO         2545    i.TIM_SetCompare4   stm32f10x_tim.o
    0x0800473c   0x0800473c   0x000000a4   Code   RO         2552    i.TIM_TimeBaseInit  stm32f10x_tim.o
    0x080047e0   0x080047e0   0x00000028   Code   RO         1248    i.USART1_IRQHandler  usart.o
    0x08004808   0x08004808   0x0000001c   Code   RO         1249    i.USART2_IRQHandler  usart.o
    0x08004824   0x08004824   0x00000024   Code   RO         1250    i.USART3_IRQHandler  usart.o
    0x08004848   0x08004848   0x00000018   Code   RO         1995    i.USART_Cmd         stm32f10x_usart.o
    0x08004860   0x08004860   0x0000009c   Code   RO         1997    i.USART_DeInit      stm32f10x_usart.o
    0x080048fc   0x080048fc   0x00000054   Code   RO         1999    i.USART_GetITStatus  stm32f10x_usart.o
    0x08004950   0x08004950   0x0000004a   Code   RO         2001    i.USART_ITConfig    stm32f10x_usart.o
    0x0800499a   0x0800499a   0x00000002   PAD
    0x0800499c   0x0800499c   0x000000d8   Code   RO         2002    i.USART_Init        stm32f10x_usart.o
    0x08004a74   0x08004a74   0x0000000a   Code   RO         2009    i.USART_ReceiveData  stm32f10x_usart.o
    0x08004a7e   0x08004a7e   0x00000008   Code   RO         2012    i.USART_SendData    stm32f10x_usart.o
    0x08004a86   0x08004a86   0x00000004   Code   RO           11    i.UsageFault_Handler  stm32f10x_it.o
    0x08004a8a   0x08004a8a   0x00000028   Code   RO         5145    i.__ARM_fpclassify  m_ws.l(fpclassify.o)
    0x08004ab2   0x08004ab2   0x0000000e   Code   RO         4921    i._is_digit         c_w.l(__printf_wp.o)
    0x08004ac0   0x08004ac0   0x00000004   Code   RO         1251    i._sys_exit         usart.o
    0x08004ac4   0x08004ac4   0x00000028   Code   RO          171    i.checkWireLessMode  main.o
    0x08004aec   0x08004aec   0x00000020   Code   RO          172    i.ctrlFanPwm        main.o
    0x08004b0c   0x08004b0c   0x00000020   Code   RO          173    i.ctrlLedPwm        main.o
    0x08004b2c   0x08004b2c   0x00000012   Code   RO         1199    i.delay_ms          delay.o
    0x08004b3e   0x08004b3e   0x00000002   PAD
    0x08004b40   0x08004b40   0x00000038   Code   RO         1201    i.delay_us          delay.o
    0x08004b78   0x08004b78   0x00000514   Code   RO          174    i.displayOfCollectedData  main.o
    0x0800508c   0x0800508c   0x00000024   Code   RO          175    i.getGasFanGrade    main.o
    0x080050b0   0x080050b0   0x0000007c   Code   RO          176    i.limitSaveDataRange  main.o
    0x0800512c   0x0800512c   0x00000ac4   Code   RO          177    i.main              main.o
    0x08005bf0   0x08005bf0   0x0000029c   Code   RO          178    i.scanKeyAnddealKey  main.o
    0x08005e8c   0x08005e8c   0x0000002c   Code   RO         5141    locale$$code        c_w.l(lc_numeric_c.o)
    0x08005eb8   0x08005eb8   0x0000002c   Code   RO         5212    locale$$code        c_w.l(lc_ctype_c.o)
    0x08005ee4   0x08005ee4   0x000002b0   Code   RO         4954    x$fpl$ddiv          fz_ws.l(ddiv.o)
    0x08006194   0x08006194   0x0000005e   Code   RO         4957    x$fpl$dfix          fz_ws.l(dfix.o)
    0x080061f2   0x080061f2   0x00000002   PAD
    0x080061f4   0x080061f4   0x0000005a   Code   RO         4961    x$fpl$dfixu         fz_ws.l(dfixu.o)
    0x0800624e   0x0800624e   0x00000002   PAD
    0x08006250   0x08006250   0x00000154   Code   RO         4967    x$fpl$dmul          fz_ws.l(dmul.o)
    0x080063a4   0x080063a4   0x0000009c   Code   RO         5074    x$fpl$dnaninf       fz_ws.l(dnaninf.o)
    0x08006440   0x08006440   0x0000000c   Code   RO         5076    x$fpl$dretinf       fz_ws.l(dretinf.o)
    0x0800644c   0x0800644c   0x00000056   Code   RO         4969    x$fpl$f2d           fz_ws.l(f2d.o)
    0x080064a2   0x080064a2   0x00000002   PAD
    0x080064a4   0x080064a4   0x000000c4   Code   RO         4971    x$fpl$fadd          fz_ws.l(faddsub_clz.o)
    0x08006568   0x08006568   0x00000018   Code   RO         5078    x$fpl$fcmpinf       fz_ws.l(fcmpi.o)
    0x08006580   0x08006580   0x00000184   Code   RO         4978    x$fpl$fdiv          fz_ws.l(fdiv.o)
    0x08006704   0x08006704   0x00000068   Code   RO         4981    x$fpl$feqf          fz_ws.l(feqf.o)
    0x0800676c   0x0800676c   0x0000003e   Code   RO         4983    x$fpl$ffixu         fz_ws.l(ffixu.o)
    0x080067aa   0x080067aa   0x00000002   PAD
    0x080067ac   0x080067ac   0x00000030   Code   RO         4988    x$fpl$fflt          fz_ws.l(fflt_clz.o)
    0x080067dc   0x080067dc   0x00000026   Code   RO         4987    x$fpl$ffltu         fz_ws.l(fflt_clz.o)
    0x08006802   0x08006802   0x00000002   PAD
    0x08006804   0x08006804   0x00000068   Code   RO         4993    x$fpl$fleqf         fz_ws.l(fleqf.o)
    0x0800686c   0x0800686c   0x00000102   Code   RO         4995    x$fpl$fmul          fz_ws.l(fmul.o)
    0x0800696e   0x0800696e   0x0000008c   Code   RO         5080    x$fpl$fnaninf       fz_ws.l(fnaninf.o)
    0x080069fa   0x080069fa   0x0000000a   Code   RO         5082    x$fpl$fretinf       fz_ws.l(fretinf.o)
    0x08006a04   0x08006a04   0x00000062   Code   RO         4997    x$fpl$frleqf        fz_ws.l(frleqf.o)
    0x08006a66   0x08006a66   0x00000014   Code   RO         4972    x$fpl$frsb          fz_ws.l(faddsub_clz.o)
    0x08006a7a   0x08006a7a   0x00000002   PAD
    0x08006a7c   0x08006a7c   0x000000ea   Code   RO         4973    x$fpl$fsub          fz_ws.l(faddsub_clz.o)
    0x08006b66   0x08006b66   0x00000004   Code   RO         4999    x$fpl$printf1       fz_ws.l(printf1.o)
    0x08006b6a   0x08006b6a   0x00000000   Code   RO         5084    x$fpl$usenofp       fz_ws.l(usenofp.o)
    0x08006b6a   0x08006b6a   0x0000000e   Data   RO          180    .constdata          main.o
    0x08006b78   0x08006b78   0x0000000e   Data   RO          368    .constdata          my_led.o
    0x08006b86   0x08006b86   0x0000000e   Data   RO          405    .constdata          my_key.o
    0x08006b94   0x08006b94   0x0000000e   Data   RO          501    .constdata          my_lcd_spi.o
    0x08006ba2   0x08006ba2   0x00001040   Data   RO          621    .constdata          my_lcd_spi_gui.o
    0x08007be2   0x08007be2   0x0000000e   Data   RO          777    .constdata          my_adc.o
    0x08007bf0   0x08007bf0   0x00000011   Data   RO         4929    .constdata          c_w.l(__printf_flags_ss_wp.o)
    0x08007c01   0x08007c01   0x00000003   PAD
    0x08007c04   0x08007c04   0x00000008   Data   RO         5019    .constdata          c_w.l(_printf_wctomb.o)
    0x08007c0c   0x08007c0c   0x00000028   Data   RO         5048    .constdata          c_w.l(_printf_hex_int_ll_ptr.o)
    0x08007c34   0x08007c34   0x00000094   Data   RO         5114    .constdata          c_w.l(bigflt0.o)
    0x08007cc8   0x08007cc8   0x0000000e   Data   RO          181    .conststring        main.o
    0x08007cd6   0x08007cd6   0x00000002   PAD
    0x08007cd8   0x08007cd8   0x00000020   Data   RO         5287    Region$$Table       anon$$obj.o
    0x08007cf8   0x08007cf8   0x0000001c   Data   RO         5140    locale$$data        c_w.l(lc_numeric_c.o)
    0x08007d14   0x08007d14   0x00000110   Data   RO         5211    locale$$data        c_w.l(lc_ctype_c.o)


    Execution Region RW_IRAM1 (Exec base: 0x20000000, Load base: 0x08007e24, Size: 0x00000cd0, Max: 0x00005000, ABSOLUTE)

    Exec Addr    Load Addr    Size         Type   Attr      Idx    E Section Name        Object

    0x20000000   0x08007e24   0x0000004f   Data   RW          182    .data               main.o
    0x2000004f   0x08007e73   0x00000002   Data   RW          406    .data               my_key.o
    0x20000051   0x08007e75   0x00000001   PAD
    0x20000052   0x08007e76   0x00000006   Data   RW          502    .data               my_lcd_spi.o
    0x20000058   0x08007e7c   0x00000008   Data   RW          911    .data               my_lcd_hmi.o
    0x20000060   0x08007e84   0x00000008   Data   RW          957    .data               my_pwm.o
    0x20000068   0x08007e8c   0x0000000c   Data   RW         1014    .data               my_stmflash.o
    0x20000074   0x08007e98   0x00000006   Data   RW         1386    .data               my_systick.o
    0x2000007a   0x08007e9e   0x00000004   Data   RW         1440    .data               my_uart_msg.o
    0x2000007e   0x08007ea2   0x00000002   PAD
    0x20000080   0x08007ea4   0x00000014   Data   RW         1611    .data               system_stm32f10x.o
    0x20000094   0x08007eb8   0x00000014   Data   RW         1811    .data               stm32f10x_rcc.o
    0x200000a8        -       0x000000a0   Zero   RW          179    .bss                main.o
    0x20000148        -       0x00000010   Zero   RW          500    .bss                my_lcd_spi.o
    0x20000158        -       0x00000044   Zero   RW          909    .bss                my_lcd_hmi.o
    0x2000019c        -       0x00000418   Zero   RW         1012    .bss                my_stmflash.o
    0x200005b4        -       0x00000050   Zero   RW         1108    .bss                my_ledblink.o
    0x20000604        -       0x00000066   Zero   RW         1438    .bss                my_uart_msg.o
    0x2000066a   0x08007ecc   0x00000002   PAD
    0x2000066c        -       0x00000060   Zero   RW         5148    .bss                c_w.l(libspace.o)
    0x200006cc   0x08007ecc   0x00000004   PAD
    0x200006d0        -       0x00000200   Zero   RW         1598    HEAP                startup_stm32f10x_hd.o
    0x200008d0        -       0x00000400   Zero   RW         1597    STACK               startup_stm32f10x_hd.o


==============================================================================

Image component sizes


      Code (inc. data)   RO Data    RW Data    ZI Data      Debug   Object Name

       114         22          0          0          0       1637   delay.o
      5736       1026         28         79        160      21524   main.o
       132         22          0          0          0       1655   misc.o
       454         28         14          0          0       3504   my_adc.o
        34          0          0          0          0        978   my_board.o
      1080         30          0          0          0       5315   my_ds18b20.o
       252         36         14          2          0       2586   my_key.o
       364         30          0          8         68       2686   my_lcd_hmi.o
      1236         78         14          6         16      10113   my_lcd_spi.o
       900         54       4160          0          0       8616   my_lcd_spi_gui.o
       100         10         14          0          0        834   my_led.o
       728         14          0          0         80       2426   my_ledblink.o
       376        136          0          0          0       1373   my_mldc4g_xd.o
       896         24          0          8          0       3310   my_pwm.o
       536         48          0         12       1048       4744   my_stmflash.o
        68          0          0          0          0        691   my_sysdef.o
       184         32          0          6          0      27471   my_systick.o
       340         26          0          4        102       2017   my_uart_msg.o
       192         12          0          0          0        724   mygpio.o
        64         26        304          0       1536        820   startup_stm32f10x_hd.o
       508         24          0          0          0       9671   stm32f10x_adc.o
        12          6          0          0          0        547   stm32f10x_bkp.o
       254         24          0          0          0       3177   stm32f10x_flash.o
       422          6          0          0          0       2922   stm32f10x_gpio.o
        24          0          0          0          0     272648   stm32f10x_it.o
        12          6          0          0          0        550   stm32f10x_pwr.o
       364         50          0         20          0       6459   stm32f10x_rcc.o
       948         92          0          0          0      10901   stm32f10x_tim.o
       572         28          0          0          0       6478   stm32f10x_usart.o
       328         28          0         20          0       2421   system_stm32f10x.o
       520         28          0          0          0       6453   usart.o

    ----------------------------------------------------------------------
     17790       1946       4582        168       3012     425251   Object Totals
         0          0         32          0          0          0   (incl. Generated)
        40          0          2          3          2          0   (incl. Padding)

    ----------------------------------------------------------------------

      Code (inc. data)   RO Data    RW Data    ZI Data      Debug   Library Member Name

        44          6          0          0          0         84   __2sprintf.o
         8          0          0          0          0         68   __main.o
       392          4         17          0          0         92   __printf_flags_ss_wp.o
        14          0          0          0          0         68   __printf_wp.o
         0          0          0          0          0          0   __rtentry.o
        12          0          0          0          0          0   __rtentry2.o
         6          0          0          0          0          0   __rtentry4.o
        52          8          0          0          0          0   __scatter.o
        26          0          0          0          0          0   __scatter_copy.o
        28          0          0          0          0          0   __scatter_zi.o
         6          0          0          0          0          0   _printf_a.o
         6          0          0          0          0          0   _printf_c.o
        44          0          0          0          0        108   _printf_char.o
        48          6          0          0          0         96   _printf_char_common.o
        40          0          0          0          0         68   _printf_charcount.o
         6          0          0          0          0          0   _printf_d.o
       120         16          0          0          0         92   _printf_dec.o
         6          0          0          0          0          0   _printf_e.o
         6          0          0          0          0          0   _printf_f.o
      1054          0          0          0          0        216   _printf_fp_dec.o
       128         16          0          0          0         84   _printf_fp_infnan.o
         6          0          0          0          0          0   _printf_g.o
       148          4         40          0          0        160   _printf_hex_int_ll_ptr.o
         6          0          0          0          0          0   _printf_i.o
       178          0          0          0          0         88   _printf_intcommon.o
        10          0          0          0          0          0   _printf_l.o
         6          0          0          0          0          0   _printf_lc.o
        10          0          0          0          0          0   _printf_ll.o
         6          0          0          0          0          0   _printf_lld.o
         6          0          0          0          0          0   _printf_lli.o
         6          0          0          0          0          0   _printf_llo.o
         6          0          0          0          0          0   _printf_llu.o
         6          0          0          0          0          0   _printf_llx.o
       124         16          0          0          0         92   _printf_longlong_dec.o
         6          0          0          0          0          0   _printf_ls.o
         6          0          0          0          0          0   _printf_n.o
         6          0          0          0          0          0   _printf_o.o
       112         10          0          0          0        124   _printf_oct_int_ll.o
         6          0          0          0          0          0   _printf_p.o
        78          0          0          0          0        108   _printf_pad.o
         0          0          0          0          0          0   _printf_percent.o
         4          0          0          0          0          0   _printf_percent_end.o
         6          0          0          0          0          0   _printf_s.o
        82          0          0          0          0         80   _printf_str.o
        36          0          0          0          0         84   _printf_truncate.o
         6          0          0          0          0          0   _printf_u.o
        44          0          0          0          0        108   _printf_wchar.o
       188          6          8          0          0         92   _printf_wctomb.o
         6          0          0          0          0          0   _printf_x.o
        10          0          0          0          0         68   _sputc.o
        64          0          0          0          0         92   _wcrtomb.o
       228          4        148          0          0         96   bigflt0.o
      1936        128          0          0          0        672   btod.o
        36          4          0          0          0         76   c89vsprintf.o
        18          0          0          0          0         80   exit.o
         6          0          0          0          0        152   heapauxi.o
        44         10        272          0          0         76   lc_ctype_c.o
        44         10         28          0          0         76   lc_numeric_c.o
         2          0          0          0          0          0   libinit.o
        30          0          0          0          0          0   libinit2.o
         2          0          0          0          0          0   libshutdown.o
         2          0          0          0          0          0   libshutdown2.o
         8          4          0          0         96         68   libspace.o
       138          0          0          0          0         80   lludiv10.o
        16          4          0          0          0         76   rt_ctype_table.o
         8          4          0          0          0         68   rt_locale_intlibspace.o
        68          0          0          0          0         68   rt_memclr.o
        78          0          0          0          0         80   rt_memclr_w.o
         2          0          0          0          0          0   rtexit.o
        10          0          0          0          0          0   rtexit2.o
       128          0          0          0          0         68   strcmpv7m.o
        36          0          0          0          0         80   strstr.o
        74          0          0          0          0         80   sys_stackheap_outer.o
         2          0          0          0          0         68   use_no_semi.o
         2          0          0          0          0         68   use_no_semi_2.o
       688        140          0          0          0        208   ddiv.o
        94          4          0          0          0         92   dfix.o
        90          4          0          0          0         92   dfixu.o
       340         12          0          0          0        104   dmul.o
       156          4          0          0          0         92   dnaninf.o
        12          0          0          0          0         68   dretinf.o
        86          4          0          0          0         84   f2d.o
       450          8          0          0          0        236   faddsub_clz.o
        24          0          0          0          0         68   fcmpi.o
       388         76          0          0          0         96   fdiv.o
       104          4          0          0          0         84   feqf.o
        62          4          0          0          0         84   ffixu.o
        86          0          0          0          0        136   fflt_clz.o
       104          4          0          0          0         84   fleqf.o
       258          4          0          0          0         84   fmul.o
       140          4          0          0          0         84   fnaninf.o
        10          0          0          0          0         68   fretinf.o
        98          0          0          0          0         68   frleqf.o
         4          0          0          0          0         68   printf1.o
         0          0          0          0          0          0   usenofp.o
        40          0          0          0          0         68   fpclassify.o

    ----------------------------------------------------------------------
      9404        532        516          0        100       6072   Library Totals
        28          0          3          0          4          0   (incl. Padding)

    ----------------------------------------------------------------------

      Code (inc. data)   RO Data    RW Data    ZI Data      Debug   Library Name

      6142        260        513          0         96       4104   c_w.l
      3194        272          0          0          0       1900   fz_ws.l
        40          0          0          0          0         68   m_ws.l

    ----------------------------------------------------------------------
      9404        532        516          0        100       6072   Library Totals

    ----------------------------------------------------------------------

==============================================================================


      Code (inc. data)   RO Data    RW Data    ZI Data      Debug   

     27194       2478       5098        168       3112     420399   Grand Totals
     27194       2478       5098        168       3112     420399   ELF Image Totals
     27194       2478       5098        168          0          0   ROM Totals

==============================================================================

    Total RO  Size (Code + RO Data)                32292 (  31.54kB)
    Total RW  Size (RW Data + ZI Data)              3280 (   3.20kB)
    Total ROM Size (Code + RO Data + RW Data)      32460 (  31.70kB)

==============================================================================

